Archive member included to satisfy reference by file (symbol)

c:/program files (x86)/atmel/studio/7.0/toolchain/avr8/avr8-gnu-toolchain/bin/../lib/gcc/avr/5.4.0/avrxmega3\libgcc.a(_divmodhi4.o)
                              Menu/menu.o (__divmodhi4)
c:/program files (x86)/atmel/studio/7.0/toolchain/avr8/avr8-gnu-toolchain/bin/../lib/gcc/avr/5.4.0/avrxmega3\libgcc.a(_exit.o)
                              C:/Program Files (x86)/Atmel/Studio/7.0/Packs/Atmel/ATmega_DFP/2.1.506/gcc/dev/atmega4809/avrxmega3/crtatmega4809.o (exit)
c:/program files (x86)/atmel/studio/7.0/toolchain/avr8/avr8-gnu-toolchain/bin/../lib/gcc/avr/5.4.0/avrxmega3\libgcc.a(_copy_data.o)
                              menudef.o (__do_copy_data)
c:/program files (x86)/atmel/studio/7.0/toolchain/avr8/avr8-gnu-toolchain/bin/../lib/gcc/avr/5.4.0/avrxmega3\libgcc.a(_clear_bss.o)
                              main.o (__do_clear_bss)
c:/program files (x86)/atmel/studio/7.0/toolchain/avr8/avr8-gnu-toolchain/bin/../lib/gcc/avr/5.4.0/avrxmega3\libgcc.a(_udivmodhi4.o)
                              c:/program files (x86)/atmel/studio/7.0/toolchain/avr8/avr8-gnu-toolchain/bin/../lib/gcc/avr/5.4.0/avrxmega3\libgcc.a(_divmodhi4.o) (__udivmodhi4)

Allocating common symbols
Common symbol       size              file

OLED_FgColor        0x2               OLED/OLED.o
OLED_BgColor        0x2               OLED/OLED.o
OLED_Y              0x1               OLED/OLED.o
OLED_X              0x1               OLED/OLED.o
Buttons             0x1               main.o

Discarded input sections

 .data          0x00000000        0x0 C:/Program Files (x86)/Atmel/Studio/7.0/Packs/Atmel/ATmega_DFP/2.1.506/gcc/dev/atmega4809/avrxmega3/crtatmega4809.o
 .bss           0x00000000        0x0 C:/Program Files (x86)/Atmel/Studio/7.0/Packs/Atmel/ATmega_DFP/2.1.506/gcc/dev/atmega4809/avrxmega3/crtatmega4809.o
 .text          0x00000000        0x0 Fonts/terminal16x16.o
 .data          0x00000000        0x0 Fonts/terminal16x16.o
 .bss           0x00000000        0x0 Fonts/terminal16x16.o
 .progmem.data.system16_array
                0x00000000       0xc2 Fonts/terminal16x16.o
 .progmem.data.image_data_system16_0x7e
                0x00000000       0x19 Fonts/terminal16x16.o
 .progmem.data.image_data_system16_0x7d
                0x00000000       0x19 Fonts/terminal16x16.o
 .progmem.data.image_data_system16_0x7c
                0x00000000       0x19 Fonts/terminal16x16.o
 .progmem.data.image_data_system16_0x7b
                0x00000000       0x19 Fonts/terminal16x16.o
 .progmem.data.image_data_system16_0x7a
                0x00000000       0x19 Fonts/terminal16x16.o
 .progmem.data.image_data_system16_0x79
                0x00000000       0x19 Fonts/terminal16x16.o
 .progmem.data.image_data_system16_0x78
                0x00000000       0x19 Fonts/terminal16x16.o
 .progmem.data.image_data_system16_0x77
                0x00000000       0x19 Fonts/terminal16x16.o
 .progmem.data.image_data_system16_0x76
                0x00000000       0x19 Fonts/terminal16x16.o
 .progmem.data.image_data_system16_0x75
                0x00000000       0x19 Fonts/terminal16x16.o
 .progmem.data.image_data_system16_0x74
                0x00000000       0x19 Fonts/terminal16x16.o
 .progmem.data.image_data_system16_0x73
                0x00000000       0x19 Fonts/terminal16x16.o
 .progmem.data.image_data_system16_0x72
                0x00000000       0x19 Fonts/terminal16x16.o
 .progmem.data.image_data_system16_0x71
                0x00000000       0x19 Fonts/terminal16x16.o
 .progmem.data.image_data_system16_0x70
                0x00000000       0x19 Fonts/terminal16x16.o
 .progmem.data.image_data_system16_0x6f
                0x00000000       0x19 Fonts/terminal16x16.o
 .progmem.data.image_data_system16_0x6e
                0x00000000       0x19 Fonts/terminal16x16.o
 .progmem.data.image_data_system16_0x6d
                0x00000000       0x19 Fonts/terminal16x16.o
 .progmem.data.image_data_system16_0x6c
                0x00000000       0x19 Fonts/terminal16x16.o
 .progmem.data.image_data_system16_0x6b
                0x00000000       0x19 Fonts/terminal16x16.o
 .progmem.data.image_data_system16_0x6a
                0x00000000       0x19 Fonts/terminal16x16.o
 .progmem.data.image_data_system16_0x69
                0x00000000       0x19 Fonts/terminal16x16.o
 .progmem.data.image_data_system16_0x68
                0x00000000       0x19 Fonts/terminal16x16.o
 .progmem.data.image_data_system16_0x67
                0x00000000       0x19 Fonts/terminal16x16.o
 .progmem.data.image_data_system16_0x66
                0x00000000       0x19 Fonts/terminal16x16.o
 .progmem.data.image_data_system16_0x65
                0x00000000       0x19 Fonts/terminal16x16.o
 .progmem.data.image_data_system16_0x64
                0x00000000       0x19 Fonts/terminal16x16.o
 .progmem.data.image_data_system16_0x63
                0x00000000       0x19 Fonts/terminal16x16.o
 .progmem.data.image_data_system16_0x62
                0x00000000       0x19 Fonts/terminal16x16.o
 .progmem.data.image_data_system16_0x61
                0x00000000       0x19 Fonts/terminal16x16.o
 .progmem.data.image_data_system16_0x60
                0x00000000       0x19 Fonts/terminal16x16.o
 .progmem.data.image_data_system16_0x5f
                0x00000000       0x19 Fonts/terminal16x16.o
 .progmem.data.image_data_system16_0x5e
                0x00000000       0x19 Fonts/terminal16x16.o
 .progmem.data.image_data_system16_0x5d
                0x00000000       0x19 Fonts/terminal16x16.o
 .progmem.data.image_data_system16_0x5c
                0x00000000       0x19 Fonts/terminal16x16.o
 .progmem.data.image_data_system16_0x5b
                0x00000000       0x19 Fonts/terminal16x16.o
 .progmem.data.image_data_system16_0x5a
                0x00000000       0x19 Fonts/terminal16x16.o
 .progmem.data.image_data_system16_0x59
                0x00000000       0x19 Fonts/terminal16x16.o
 .progmem.data.image_data_system16_0x58
                0x00000000       0x19 Fonts/terminal16x16.o
 .progmem.data.image_data_system16_0x57
                0x00000000       0x19 Fonts/terminal16x16.o
 .progmem.data.image_data_system16_0x56
                0x00000000       0x19 Fonts/terminal16x16.o
 .progmem.data.image_data_system16_0x55
                0x00000000       0x19 Fonts/terminal16x16.o
 .progmem.data.image_data_system16_0x54
                0x00000000       0x19 Fonts/terminal16x16.o
 .progmem.data.image_data_system16_0x53
                0x00000000       0x19 Fonts/terminal16x16.o
 .progmem.data.image_data_system16_0x52
                0x00000000       0x19 Fonts/terminal16x16.o
 .progmem.data.image_data_system16_0x51
                0x00000000       0x19 Fonts/terminal16x16.o
 .progmem.data.image_data_system16_0x50
                0x00000000       0x19 Fonts/terminal16x16.o
 .progmem.data.image_data_system16_0x4f
                0x00000000       0x19 Fonts/terminal16x16.o
 .progmem.data.image_data_system16_0x4e
                0x00000000       0x19 Fonts/terminal16x16.o
 .progmem.data.image_data_system16_0x4d
                0x00000000       0x19 Fonts/terminal16x16.o
 .progmem.data.image_data_system16_0x4c
                0x00000000       0x19 Fonts/terminal16x16.o
 .progmem.data.image_data_system16_0x4b
                0x00000000       0x19 Fonts/terminal16x16.o
 .progmem.data.image_data_system16_0x4a
                0x00000000       0x19 Fonts/terminal16x16.o
 .progmem.data.image_data_system16_0x49
                0x00000000       0x19 Fonts/terminal16x16.o
 .progmem.data.image_data_system16_0x48
                0x00000000       0x19 Fonts/terminal16x16.o
 .progmem.data.image_data_system16_0x47
                0x00000000       0x19 Fonts/terminal16x16.o
 .progmem.data.image_data_system16_0x46
                0x00000000       0x19 Fonts/terminal16x16.o
 .progmem.data.image_data_system16_0x45
                0x00000000       0x19 Fonts/terminal16x16.o
 .progmem.data.image_data_system16_0x44
                0x00000000       0x19 Fonts/terminal16x16.o
 .progmem.data.image_data_system16_0x43
                0x00000000       0x19 Fonts/terminal16x16.o
 .progmem.data.image_data_system16_0x42
                0x00000000       0x19 Fonts/terminal16x16.o
 .progmem.data.image_data_system16_0x41
                0x00000000       0x19 Fonts/terminal16x16.o
 .progmem.data.image_data_system16_0x40
                0x00000000       0x19 Fonts/terminal16x16.o
 .progmem.data.image_data_system16_0x3f
                0x00000000       0x19 Fonts/terminal16x16.o
 .progmem.data.image_data_system16_0x3e
                0x00000000       0x19 Fonts/terminal16x16.o
 .progmem.data.image_data_system16_0x3d
                0x00000000       0x19 Fonts/terminal16x16.o
 .progmem.data.image_data_system16_0x3c
                0x00000000       0x19 Fonts/terminal16x16.o
 .progmem.data.image_data_system16_0x3b
                0x00000000       0x19 Fonts/terminal16x16.o
 .progmem.data.image_data_system16_0x3a
                0x00000000       0x19 Fonts/terminal16x16.o
 .progmem.data.image_data_system16_0x39
                0x00000000       0x19 Fonts/terminal16x16.o
 .progmem.data.image_data_system16_0x38
                0x00000000       0x19 Fonts/terminal16x16.o
 .progmem.data.image_data_system16_0x37
                0x00000000       0x19 Fonts/terminal16x16.o
 .progmem.data.image_data_system16_0x36
                0x00000000       0x19 Fonts/terminal16x16.o
 .progmem.data.image_data_system16_0x35
                0x00000000       0x19 Fonts/terminal16x16.o
 .progmem.data.image_data_system16_0x34
                0x00000000       0x19 Fonts/terminal16x16.o
 .progmem.data.image_data_system16_0x33
                0x00000000       0x19 Fonts/terminal16x16.o
 .progmem.data.image_data_system16_0x32
                0x00000000       0x19 Fonts/terminal16x16.o
 .progmem.data.image_data_system16_0x31
                0x00000000       0x19 Fonts/terminal16x16.o
 .progmem.data.image_data_system16_0x30
                0x00000000       0x19 Fonts/terminal16x16.o
 .progmem.data.image_data_system16_0x2f
                0x00000000       0x19 Fonts/terminal16x16.o
 .progmem.data.image_data_system16_0x2e
                0x00000000       0x19 Fonts/terminal16x16.o
 .progmem.data.image_data_system16_0x2d
                0x00000000       0x19 Fonts/terminal16x16.o
 .progmem.data.image_data_system16_0x2c
                0x00000000       0x19 Fonts/terminal16x16.o
 .progmem.data.image_data_system16_0x2b
                0x00000000       0x19 Fonts/terminal16x16.o
 .progmem.data.image_data_system16_0x2a
                0x00000000       0x19 Fonts/terminal16x16.o
 .progmem.data.image_data_system16_0x29
                0x00000000       0x19 Fonts/terminal16x16.o
 .progmem.data.image_data_system16_0x28
                0x00000000       0x19 Fonts/terminal16x16.o
 .progmem.data.image_data_system16_0x27
                0x00000000       0x19 Fonts/terminal16x16.o
 .progmem.data.image_data_system16_0x26
                0x00000000       0x19 Fonts/terminal16x16.o
 .progmem.data.image_data_system16_0x25
                0x00000000       0x19 Fonts/terminal16x16.o
 .progmem.data.image_data_system16_0x24
                0x00000000       0x19 Fonts/terminal16x16.o
 .progmem.data.image_data_system16_0x23
                0x00000000       0x19 Fonts/terminal16x16.o
 .progmem.data.image_data_system16_0x22
                0x00000000       0x19 Fonts/terminal16x16.o
 .progmem.data.image_data_system16_0x21
                0x00000000       0x19 Fonts/terminal16x16.o
 .progmem.data.image_data_system16_0x20
                0x00000000       0x19 Fonts/terminal16x16.o
 .debug_info    0x00000000      0x751 Fonts/terminal16x16.o
 .debug_abbrev  0x00000000       0x67 Fonts/terminal16x16.o
 .debug_aranges
                0x00000000       0x18 Fonts/terminal16x16.o
 .debug_line    0x00000000       0x98 Fonts/terminal16x16.o
 .debug_str     0x00000000      0xac6 Fonts/terminal16x16.o
 .comment       0x00000000       0x31 Fonts/terminal16x16.o
 .text          0x00000000        0x0 Fonts/terminal5x12.o
 .data          0x00000000        0x0 Fonts/terminal5x12.o
 .bss           0x00000000        0x0 Fonts/terminal5x12.o
 .progmem.data.system12_array
                0x00000000       0xc2 Fonts/terminal5x12.o
 .progmem.data.image_data_system12_0x7e
                0x00000000        0x9 Fonts/terminal5x12.o
 .progmem.data.image_data_system12_0x7d
                0x00000000        0x9 Fonts/terminal5x12.o
 .progmem.data.image_data_system12_0x7c
                0x00000000        0x9 Fonts/terminal5x12.o
 .progmem.data.image_data_system12_0x7b
                0x00000000        0x9 Fonts/terminal5x12.o
 .progmem.data.image_data_system12_0x7a
                0x00000000        0x9 Fonts/terminal5x12.o
 .progmem.data.image_data_system12_0x79
                0x00000000        0x9 Fonts/terminal5x12.o
 .progmem.data.image_data_system12_0x78
                0x00000000        0x9 Fonts/terminal5x12.o
 .progmem.data.image_data_system12_0x77
                0x00000000        0x9 Fonts/terminal5x12.o
 .progmem.data.image_data_system12_0x76
                0x00000000        0x9 Fonts/terminal5x12.o
 .progmem.data.image_data_system12_0x75
                0x00000000        0x9 Fonts/terminal5x12.o
 .progmem.data.image_data_system12_0x74
                0x00000000        0x9 Fonts/terminal5x12.o
 .progmem.data.image_data_system12_0x73
                0x00000000        0x9 Fonts/terminal5x12.o
 .progmem.data.image_data_system12_0x72
                0x00000000        0x9 Fonts/terminal5x12.o
 .progmem.data.image_data_system12_0x71
                0x00000000        0x9 Fonts/terminal5x12.o
 .progmem.data.image_data_system12_0x70
                0x00000000        0x9 Fonts/terminal5x12.o
 .progmem.data.image_data_system12_0x6f
                0x00000000        0x9 Fonts/terminal5x12.o
 .progmem.data.image_data_system12_0x6e
                0x00000000        0x9 Fonts/terminal5x12.o
 .progmem.data.image_data_system12_0x6d
                0x00000000        0x9 Fonts/terminal5x12.o
 .progmem.data.image_data_system12_0x6c
                0x00000000        0x9 Fonts/terminal5x12.o
 .progmem.data.image_data_system12_0x6b
                0x00000000        0x9 Fonts/terminal5x12.o
 .progmem.data.image_data_system12_0x6a
                0x00000000        0x9 Fonts/terminal5x12.o
 .progmem.data.image_data_system12_0x69
                0x00000000        0x9 Fonts/terminal5x12.o
 .progmem.data.image_data_system12_0x68
                0x00000000        0x9 Fonts/terminal5x12.o
 .progmem.data.image_data_system12_0x67
                0x00000000        0x9 Fonts/terminal5x12.o
 .progmem.data.image_data_system12_0x66
                0x00000000        0x9 Fonts/terminal5x12.o
 .progmem.data.image_data_system12_0x65
                0x00000000        0x9 Fonts/terminal5x12.o
 .progmem.data.image_data_system12_0x64
                0x00000000        0x9 Fonts/terminal5x12.o
 .progmem.data.image_data_system12_0x63
                0x00000000        0x9 Fonts/terminal5x12.o
 .progmem.data.image_data_system12_0x62
                0x00000000        0x9 Fonts/terminal5x12.o
 .progmem.data.image_data_system12_0x61
                0x00000000        0x9 Fonts/terminal5x12.o
 .progmem.data.image_data_system12_0x60
                0x00000000        0x9 Fonts/terminal5x12.o
 .progmem.data.image_data_system12_0x5f
                0x00000000        0x9 Fonts/terminal5x12.o
 .progmem.data.image_data_system12_0x5e
                0x00000000        0x9 Fonts/terminal5x12.o
 .progmem.data.image_data_system12_0x5d
                0x00000000        0x9 Fonts/terminal5x12.o
 .progmem.data.image_data_system12_0x5c
                0x00000000        0x9 Fonts/terminal5x12.o
 .progmem.data.image_data_system12_0x5b
                0x00000000        0x9 Fonts/terminal5x12.o
 .progmem.data.image_data_system12_0x5a
                0x00000000        0x9 Fonts/terminal5x12.o
 .progmem.data.image_data_system12_0x59
                0x00000000        0x9 Fonts/terminal5x12.o
 .progmem.data.image_data_system12_0x58
                0x00000000        0x9 Fonts/terminal5x12.o
 .progmem.data.image_data_system12_0x57
                0x00000000        0x9 Fonts/terminal5x12.o
 .progmem.data.image_data_system12_0x56
                0x00000000        0x9 Fonts/terminal5x12.o
 .progmem.data.image_data_system12_0x55
                0x00000000        0x9 Fonts/terminal5x12.o
 .progmem.data.image_data_system12_0x54
                0x00000000        0x9 Fonts/terminal5x12.o
 .progmem.data.image_data_system12_0x53
                0x00000000        0x9 Fonts/terminal5x12.o
 .progmem.data.image_data_system12_0x52
                0x00000000        0x9 Fonts/terminal5x12.o
 .progmem.data.image_data_system12_0x51
                0x00000000        0x9 Fonts/terminal5x12.o
 .progmem.data.image_data_system12_0x50
                0x00000000        0x9 Fonts/terminal5x12.o
 .progmem.data.image_data_system12_0x4f
                0x00000000        0x9 Fonts/terminal5x12.o
 .progmem.data.image_data_system12_0x4e
                0x00000000        0x9 Fonts/terminal5x12.o
 .progmem.data.image_data_system12_0x4d
                0x00000000        0x9 Fonts/terminal5x12.o
 .progmem.data.image_data_system12_0x4c
                0x00000000        0x9 Fonts/terminal5x12.o
 .progmem.data.image_data_system12_0x4b
                0x00000000        0x9 Fonts/terminal5x12.o
 .progmem.data.image_data_system12_0x4a
                0x00000000        0x9 Fonts/terminal5x12.o
 .progmem.data.image_data_system12_0x49
                0x00000000        0x9 Fonts/terminal5x12.o
 .progmem.data.image_data_system12_0x48
                0x00000000        0x9 Fonts/terminal5x12.o
 .progmem.data.image_data_system12_0x47
                0x00000000        0x9 Fonts/terminal5x12.o
 .progmem.data.image_data_system12_0x46
                0x00000000        0x9 Fonts/terminal5x12.o
 .progmem.data.image_data_system12_0x45
                0x00000000        0x9 Fonts/terminal5x12.o
 .progmem.data.image_data_system12_0x44
                0x00000000        0x9 Fonts/terminal5x12.o
 .progmem.data.image_data_system12_0x43
                0x00000000        0x9 Fonts/terminal5x12.o
 .progmem.data.image_data_system12_0x42
                0x00000000        0x9 Fonts/terminal5x12.o
 .progmem.data.image_data_system12_0x41
                0x00000000        0x9 Fonts/terminal5x12.o
 .progmem.data.image_data_system12_0x40
                0x00000000        0x9 Fonts/terminal5x12.o
 .progmem.data.image_data_system12_0x3f
                0x00000000        0x9 Fonts/terminal5x12.o
 .progmem.data.image_data_system12_0x3e
                0x00000000        0x9 Fonts/terminal5x12.o
 .progmem.data.image_data_system12_0x3d
                0x00000000        0x9 Fonts/terminal5x12.o
 .progmem.data.image_data_system12_0x3c
                0x00000000        0x9 Fonts/terminal5x12.o
 .progmem.data.image_data_system12_0x3b
                0x00000000        0x9 Fonts/terminal5x12.o
 .progmem.data.image_data_system12_0x3a
                0x00000000        0x9 Fonts/terminal5x12.o
 .progmem.data.image_data_system12_0x39
                0x00000000        0x9 Fonts/terminal5x12.o
 .progmem.data.image_data_system12_0x38
                0x00000000        0x9 Fonts/terminal5x12.o
 .progmem.data.image_data_system12_0x37
                0x00000000        0x9 Fonts/terminal5x12.o
 .progmem.data.image_data_system12_0x36
                0x00000000        0x9 Fonts/terminal5x12.o
 .progmem.data.image_data_system12_0x35
                0x00000000        0x9 Fonts/terminal5x12.o
 .progmem.data.image_data_system12_0x34
                0x00000000        0x9 Fonts/terminal5x12.o
 .progmem.data.image_data_system12_0x33
                0x00000000        0x9 Fonts/terminal5x12.o
 .progmem.data.image_data_system12_0x32
                0x00000000        0x9 Fonts/terminal5x12.o
 .progmem.data.image_data_system12_0x31
                0x00000000        0x9 Fonts/terminal5x12.o
 .progmem.data.image_data_system12_0x30
                0x00000000        0x9 Fonts/terminal5x12.o
 .progmem.data.image_data_system12_0x2f
                0x00000000        0x9 Fonts/terminal5x12.o
 .progmem.data.image_data_system12_0x2e
                0x00000000        0x9 Fonts/terminal5x12.o
 .progmem.data.image_data_system12_0x2d
                0x00000000        0x9 Fonts/terminal5x12.o
 .progmem.data.image_data_system12_0x2c
                0x00000000        0x9 Fonts/terminal5x12.o
 .progmem.data.image_data_system12_0x2b
                0x00000000        0x9 Fonts/terminal5x12.o
 .progmem.data.image_data_system12_0x2a
                0x00000000        0x9 Fonts/terminal5x12.o
 .progmem.data.image_data_system12_0x29
                0x00000000        0x9 Fonts/terminal5x12.o
 .progmem.data.image_data_system12_0x28
                0x00000000        0x9 Fonts/terminal5x12.o
 .progmem.data.image_data_system12_0x27
                0x00000000        0x9 Fonts/terminal5x12.o
 .progmem.data.image_data_system12_0x26
                0x00000000        0x9 Fonts/terminal5x12.o
 .progmem.data.image_data_system12_0x25
                0x00000000        0x9 Fonts/terminal5x12.o
 .progmem.data.image_data_system12_0x24
                0x00000000        0x9 Fonts/terminal5x12.o
 .progmem.data.image_data_system12_0x23
                0x00000000        0x9 Fonts/terminal5x12.o
 .progmem.data.image_data_system12_0x22
                0x00000000        0x9 Fonts/terminal5x12.o
 .progmem.data.image_data_system12_0x21
                0x00000000        0x9 Fonts/terminal5x12.o
 .progmem.data.image_data_system12_0x20
                0x00000000        0x9 Fonts/terminal5x12.o
 .debug_info    0x00000000      0x751 Fonts/terminal5x12.o
 .debug_abbrev  0x00000000       0x67 Fonts/terminal5x12.o
 .debug_aranges
                0x00000000       0x18 Fonts/terminal5x12.o
 .debug_line    0x00000000       0x97 Fonts/terminal5x12.o
 .debug_str     0x00000000      0xac5 Fonts/terminal5x12.o
 .comment       0x00000000       0x31 Fonts/terminal5x12.o
 .text          0x00000000        0x0 Fonts/terminal8x8b.o
 .data          0x00000000        0x0 Fonts/terminal8x8b.o
 .bss           0x00000000        0x0 Fonts/terminal8x8b.o
 .progmem.data.system8_array
                0x00000000       0xc2 Fonts/terminal8x8b.o
 .progmem.data.image_data_system8_0x7e
                0x00000000        0x7 Fonts/terminal8x8b.o
 .progmem.data.image_data_system8_0x7d
                0x00000000        0x7 Fonts/terminal8x8b.o
 .progmem.data.image_data_system8_0x7c
                0x00000000        0x7 Fonts/terminal8x8b.o
 .progmem.data.image_data_system8_0x7b
                0x00000000        0x7 Fonts/terminal8x8b.o
 .progmem.data.image_data_system8_0x7a
                0x00000000        0x7 Fonts/terminal8x8b.o
 .progmem.data.image_data_system8_0x79
                0x00000000        0x7 Fonts/terminal8x8b.o
 .progmem.data.image_data_system8_0x78
                0x00000000        0x7 Fonts/terminal8x8b.o
 .progmem.data.image_data_system8_0x77
                0x00000000        0x7 Fonts/terminal8x8b.o
 .progmem.data.image_data_system8_0x76
                0x00000000        0x7 Fonts/terminal8x8b.o
 .progmem.data.image_data_system8_0x75
                0x00000000        0x7 Fonts/terminal8x8b.o
 .progmem.data.image_data_system8_0x74
                0x00000000        0x7 Fonts/terminal8x8b.o
 .progmem.data.image_data_system8_0x73
                0x00000000        0x7 Fonts/terminal8x8b.o
 .progmem.data.image_data_system8_0x72
                0x00000000        0x7 Fonts/terminal8x8b.o
 .progmem.data.image_data_system8_0x71
                0x00000000        0x7 Fonts/terminal8x8b.o
 .progmem.data.image_data_system8_0x70
                0x00000000        0x7 Fonts/terminal8x8b.o
 .progmem.data.image_data_system8_0x6f
                0x00000000        0x7 Fonts/terminal8x8b.o
 .progmem.data.image_data_system8_0x6e
                0x00000000        0x7 Fonts/terminal8x8b.o
 .progmem.data.image_data_system8_0x6d
                0x00000000        0x7 Fonts/terminal8x8b.o
 .progmem.data.image_data_system8_0x6c
                0x00000000        0x7 Fonts/terminal8x8b.o
 .progmem.data.image_data_system8_0x6b
                0x00000000        0x7 Fonts/terminal8x8b.o
 .progmem.data.image_data_system8_0x6a
                0x00000000        0x7 Fonts/terminal8x8b.o
 .progmem.data.image_data_system8_0x69
                0x00000000        0x7 Fonts/terminal8x8b.o
 .progmem.data.image_data_system8_0x68
                0x00000000        0x7 Fonts/terminal8x8b.o
 .progmem.data.image_data_system8_0x67
                0x00000000        0x7 Fonts/terminal8x8b.o
 .progmem.data.image_data_system8_0x66
                0x00000000        0x7 Fonts/terminal8x8b.o
 .progmem.data.image_data_system8_0x65
                0x00000000        0x7 Fonts/terminal8x8b.o
 .progmem.data.image_data_system8_0x64
                0x00000000        0x7 Fonts/terminal8x8b.o
 .progmem.data.image_data_system8_0x63
                0x00000000        0x7 Fonts/terminal8x8b.o
 .progmem.data.image_data_system8_0x62
                0x00000000        0x7 Fonts/terminal8x8b.o
 .progmem.data.image_data_system8_0x61
                0x00000000        0x7 Fonts/terminal8x8b.o
 .progmem.data.image_data_system8_0x60
                0x00000000        0x7 Fonts/terminal8x8b.o
 .progmem.data.image_data_system8_0x5f
                0x00000000        0x7 Fonts/terminal8x8b.o
 .progmem.data.image_data_system8_0x5e
                0x00000000        0x7 Fonts/terminal8x8b.o
 .progmem.data.image_data_system8_0x5d
                0x00000000        0x7 Fonts/terminal8x8b.o
 .progmem.data.image_data_system8_0x5c
                0x00000000        0x7 Fonts/terminal8x8b.o
 .progmem.data.image_data_system8_0x5b
                0x00000000        0x7 Fonts/terminal8x8b.o
 .progmem.data.image_data_system8_0x5a
                0x00000000        0x7 Fonts/terminal8x8b.o
 .progmem.data.image_data_system8_0x59
                0x00000000        0x7 Fonts/terminal8x8b.o
 .progmem.data.image_data_system8_0x58
                0x00000000        0x7 Fonts/terminal8x8b.o
 .progmem.data.image_data_system8_0x57
                0x00000000        0x7 Fonts/terminal8x8b.o
 .progmem.data.image_data_system8_0x56
                0x00000000        0x7 Fonts/terminal8x8b.o
 .progmem.data.image_data_system8_0x55
                0x00000000        0x7 Fonts/terminal8x8b.o
 .progmem.data.image_data_system8_0x54
                0x00000000        0x7 Fonts/terminal8x8b.o
 .progmem.data.image_data_system8_0x53
                0x00000000        0x7 Fonts/terminal8x8b.o
 .progmem.data.image_data_system8_0x52
                0x00000000        0x7 Fonts/terminal8x8b.o
 .progmem.data.image_data_system8_0x51
                0x00000000        0x7 Fonts/terminal8x8b.o
 .progmem.data.image_data_system8_0x50
                0x00000000        0x7 Fonts/terminal8x8b.o
 .progmem.data.image_data_system8_0x4f
                0x00000000        0x7 Fonts/terminal8x8b.o
 .progmem.data.image_data_system8_0x4e
                0x00000000        0x7 Fonts/terminal8x8b.o
 .progmem.data.image_data_system8_0x4d
                0x00000000        0x7 Fonts/terminal8x8b.o
 .progmem.data.image_data_system8_0x4c
                0x00000000        0x7 Fonts/terminal8x8b.o
 .progmem.data.image_data_system8_0x4b
                0x00000000        0x7 Fonts/terminal8x8b.o
 .progmem.data.image_data_system8_0x4a
                0x00000000        0x7 Fonts/terminal8x8b.o
 .progmem.data.image_data_system8_0x49
                0x00000000        0x7 Fonts/terminal8x8b.o
 .progmem.data.image_data_system8_0x48
                0x00000000        0x7 Fonts/terminal8x8b.o
 .progmem.data.image_data_system8_0x47
                0x00000000        0x7 Fonts/terminal8x8b.o
 .progmem.data.image_data_system8_0x46
                0x00000000        0x7 Fonts/terminal8x8b.o
 .progmem.data.image_data_system8_0x45
                0x00000000        0x7 Fonts/terminal8x8b.o
 .progmem.data.image_data_system8_0x44
                0x00000000        0x7 Fonts/terminal8x8b.o
 .progmem.data.image_data_system8_0x43
                0x00000000        0x7 Fonts/terminal8x8b.o
 .progmem.data.image_data_system8_0x42
                0x00000000        0x7 Fonts/terminal8x8b.o
 .progmem.data.image_data_system8_0x41
                0x00000000        0x7 Fonts/terminal8x8b.o
 .progmem.data.image_data_system8_0x40
                0x00000000        0x7 Fonts/terminal8x8b.o
 .progmem.data.image_data_system8_0x3f
                0x00000000        0x7 Fonts/terminal8x8b.o
 .progmem.data.image_data_system8_0x3e
                0x00000000        0x7 Fonts/terminal8x8b.o
 .progmem.data.image_data_system8_0x3d
                0x00000000        0x7 Fonts/terminal8x8b.o
 .progmem.data.image_data_system8_0x3c
                0x00000000        0x7 Fonts/terminal8x8b.o
 .progmem.data.image_data_system8_0x3b
                0x00000000        0x7 Fonts/terminal8x8b.o
 .progmem.data.image_data_system8_0x3a
                0x00000000        0x7 Fonts/terminal8x8b.o
 .progmem.data.image_data_system8_0x39
                0x00000000        0x7 Fonts/terminal8x8b.o
 .progmem.data.image_data_system8_0x38
                0x00000000        0x7 Fonts/terminal8x8b.o
 .progmem.data.image_data_system8_0x37
                0x00000000        0x7 Fonts/terminal8x8b.o
 .progmem.data.image_data_system8_0x36
                0x00000000        0x7 Fonts/terminal8x8b.o
 .progmem.data.image_data_system8_0x35
                0x00000000        0x7 Fonts/terminal8x8b.o
 .progmem.data.image_data_system8_0x34
                0x00000000        0x7 Fonts/terminal8x8b.o
 .progmem.data.image_data_system8_0x33
                0x00000000        0x7 Fonts/terminal8x8b.o
 .progmem.data.image_data_system8_0x32
                0x00000000        0x7 Fonts/terminal8x8b.o
 .progmem.data.image_data_system8_0x31
                0x00000000        0x7 Fonts/terminal8x8b.o
 .progmem.data.image_data_system8_0x30
                0x00000000        0x7 Fonts/terminal8x8b.o
 .progmem.data.image_data_system8_0x2f
                0x00000000        0x7 Fonts/terminal8x8b.o
 .progmem.data.image_data_system8_0x2e
                0x00000000        0x7 Fonts/terminal8x8b.o
 .progmem.data.image_data_system8_0x2d
                0x00000000        0x7 Fonts/terminal8x8b.o
 .progmem.data.image_data_system8_0x2c
                0x00000000        0x7 Fonts/terminal8x8b.o
 .progmem.data.image_data_system8_0x2b
                0x00000000        0x7 Fonts/terminal8x8b.o
 .progmem.data.image_data_system8_0x2a
                0x00000000        0x7 Fonts/terminal8x8b.o
 .progmem.data.image_data_system8_0x29
                0x00000000        0x7 Fonts/terminal8x8b.o
 .progmem.data.image_data_system8_0x28
                0x00000000        0x7 Fonts/terminal8x8b.o
 .progmem.data.image_data_system8_0x27
                0x00000000        0x7 Fonts/terminal8x8b.o
 .progmem.data.image_data_system8_0x26
                0x00000000        0x7 Fonts/terminal8x8b.o
 .progmem.data.image_data_system8_0x25
                0x00000000        0x7 Fonts/terminal8x8b.o
 .progmem.data.image_data_system8_0x24
                0x00000000        0x7 Fonts/terminal8x8b.o
 .progmem.data.image_data_system8_0x23
                0x00000000        0x7 Fonts/terminal8x8b.o
 .progmem.data.image_data_system8_0x22
                0x00000000        0x7 Fonts/terminal8x8b.o
 .progmem.data.image_data_system8_0x21
                0x00000000        0x7 Fonts/terminal8x8b.o
 .progmem.data.image_data_system8_0x20
                0x00000000        0x7 Fonts/terminal8x8b.o
 .debug_info    0x00000000      0x751 Fonts/terminal8x8b.o
 .debug_abbrev  0x00000000       0x67 Fonts/terminal8x8b.o
 .debug_aranges
                0x00000000       0x18 Fonts/terminal8x8b.o
 .debug_line    0x00000000       0x97 Fonts/terminal8x8b.o
 .debug_str     0x00000000      0xa65 Fonts/terminal8x8b.o
 .comment       0x00000000       0x31 Fonts/terminal8x8b.o
 .text          0x00000000        0x0 main.o
 .data          0x00000000        0x0 main.o
 .bss           0x00000000        0x0 main.o
 .text          0x00000000        0x0 menudef.o
 .data          0x00000000        0x0 menudef.o
 .bss           0x00000000        0x0 menudef.o
 .rodata.str1.1
                0x00000000       0x48 menudef.o
 .text.menufunc1
                0x00000000       0x32 menudef.o
 .text.menufunc2
                0x00000000       0x32 menudef.o
 .text.menufunc3
                0x00000000       0x32 menudef.o
 .text.menufunc4
                0x00000000       0x32 menudef.o
 .text.menufunc5
                0x00000000       0x32 menudef.o
 .text.menufunc6
                0x00000000       0x32 menudef.o
 .text.menufunc7
                0x00000000       0x32 menudef.o
 .data.Menu_font
                0x00000000        0x2 menudef.o
 .rodata.__compound_literal.11
                0x00000000        0x6 menudef.o
 .progmem.data.menu1
                0x00000000        0xa menudef.o
 .rodata.__compound_literal.10
                0x00000000        0x6 menudef.o
 .progmem.data.menu2
                0x00000000        0xa menudef.o
 .rodata.__compound_literal.9
                0x00000000        0x6 menudef.o
 .progmem.data.menu3
                0x00000000        0xa menudef.o
 .rodata.__compound_literal.8
                0x00000000        0x6 menudef.o
 .progmem.data.menu4
                0x00000000        0xa menudef.o
 .rodata.__compound_literal.7
                0x00000000        0x6 menudef.o
 .rodata.__compound_literal.6
                0x00000000        0xb menudef.o
 .progmem.data.menuA2
                0x00000000        0xa menudef.o
 .rodata.__compound_literal.5
                0x00000000        0xb menudef.o
 .progmem.data.menuA3
                0x00000000        0xa menudef.o
 .rodata.__compound_literal.4
                0x00000000        0xb menudef.o
 .progmem.data.menuA4
                0x00000000        0xa menudef.o
 .rodata.__compound_literal.3
                0x00000000        0xd menudef.o
 .rodata.__compound_literal.2
                0x00000000        0xb menudef.o
 .progmem.data.menuB2
                0x00000000        0xa menudef.o
 .rodata.__compound_literal.1
                0x00000000        0xb menudef.o
 .progmem.data.menuB3
                0x00000000        0xa menudef.o
 .rodata.__compound_literal.0
                0x00000000        0xd menudef.o
 .progmem.data.menuB1
                0x00000000        0xa menudef.o
 .progmem.data.menuA1
                0x00000000        0xa menudef.o
 .progmem.data.menu
                0x00000000        0xa menudef.o
 .debug_info    0x00000000      0x6c6 menudef.o
 .debug_abbrev  0x00000000      0x15b menudef.o
 .debug_loc     0x00000000      0x2e6 menudef.o
 .debug_aranges
                0x00000000       0x50 menudef.o
 .debug_ranges  0x00000000       0x40 menudef.o
 .debug_line    0x00000000      0x25f menudef.o
 .debug_str     0x00000000      0x2bc menudef.o
 .comment       0x00000000       0x31 menudef.o
 .debug_frame   0x00000000       0xbc menudef.o
 .text          0x00000000        0x0 Menu/menu.o
 .data          0x00000000        0x0 Menu/menu.o
 .bss           0x00000000        0x0 Menu/menu.o
 .text.Menu_GetMenuItemsNo
                0x00000000       0x1c Menu/menu.o
 .text.Menu_GetMenuItem
                0x00000000       0x20 Menu/menu.o
 .text.Menu_GetMenuRows
                0x00000000       0x1a Menu/menu.o
 .rodata.str1.1
                0x00000000        0x4 Menu/menu.o
 .text.Menu_Show
                0x00000000       0xee Menu/menu.o
 .text.Menu_SelectNext
                0x00000000       0x7c Menu/menu.o
 .text.Menu_SelectPrev
                0x00000000       0x5e Menu/menu.o
 .text.Menu_Back
                0x00000000       0x20 Menu/menu.o
 .text.Menu_Click
                0x00000000       0x42 Menu/menu.o
 .bss.menufirstpos
                0x00000000        0x1 Menu/menu.o
 .bss.menuindex
                0x00000000        0x1 Menu/menu.o
 .data.currMenuPtr
                0x00000000        0x2 Menu/menu.o
 .debug_info    0x00000000      0x45b Menu/menu.o
 .debug_abbrev  0x00000000      0x1b8 Menu/menu.o
 .debug_loc     0x00000000      0x2bf Menu/menu.o
 .debug_aranges
                0x00000000       0x58 Menu/menu.o
 .debug_ranges  0x00000000       0x48 Menu/menu.o
 .debug_line    0x00000000      0x308 Menu/menu.o
 .debug_str     0x00000000      0x2be Menu/menu.o
 .comment       0x00000000       0x31 Menu/menu.o
 .debug_frame   0x00000000       0xe4 Menu/menu.o
 .text          0x00000000        0x0 OLED/OLED.o
 .data          0x00000000        0x0 OLED/OLED.o
 .bss           0x00000000        0x0 OLED/OLED.o
 .text.OLED_SetText
                0x00000000       0x8c OLED/OLED.o
 .text.OLED_SetTextRotate
                0x00000000       0xc6 OLED/OLED.o
 .text.OLED_SetTextOp
                0x00000000      0x104 OLED/OLED.o
 .text          0x00000000        0x0 c:/program files (x86)/atmel/studio/7.0/toolchain/avr8/avr8-gnu-toolchain/bin/../lib/gcc/avr/5.4.0/avrxmega3\libgcc.a(_divmodhi4.o)
 .data          0x00000000        0x0 c:/program files (x86)/atmel/studio/7.0/toolchain/avr8/avr8-gnu-toolchain/bin/../lib/gcc/avr/5.4.0/avrxmega3\libgcc.a(_divmodhi4.o)
 .bss           0x00000000        0x0 c:/program files (x86)/atmel/studio/7.0/toolchain/avr8/avr8-gnu-toolchain/bin/../lib/gcc/avr/5.4.0/avrxmega3\libgcc.a(_divmodhi4.o)
 .text.libgcc.mul
                0x00000000        0x0 c:/program files (x86)/atmel/studio/7.0/toolchain/avr8/avr8-gnu-toolchain/bin/../lib/gcc/avr/5.4.0/avrxmega3\libgcc.a(_divmodhi4.o)
 .text.libgcc.div
                0x00000000       0x28 c:/program files (x86)/atmel/studio/7.0/toolchain/avr8/avr8-gnu-toolchain/bin/../lib/gcc/avr/5.4.0/avrxmega3\libgcc.a(_divmodhi4.o)
 .text.libgcc   0x00000000        0x0 c:/program files (x86)/atmel/studio/7.0/toolchain/avr8/avr8-gnu-toolchain/bin/../lib/gcc/avr/5.4.0/avrxmega3\libgcc.a(_divmodhi4.o)
 .text.libgcc.prologue
                0x00000000        0x0 c:/program files (x86)/atmel/studio/7.0/toolchain/avr8/avr8-gnu-toolchain/bin/../lib/gcc/avr/5.4.0/avrxmega3\libgcc.a(_divmodhi4.o)
 .text.libgcc.builtins
                0x00000000        0x0 c:/program files (x86)/atmel/studio/7.0/toolchain/avr8/avr8-gnu-toolchain/bin/../lib/gcc/avr/5.4.0/avrxmega3\libgcc.a(_divmodhi4.o)
 .text.libgcc.fmul
                0x00000000        0x0 c:/program files (x86)/atmel/studio/7.0/toolchain/avr8/avr8-gnu-toolchain/bin/../lib/gcc/avr/5.4.0/avrxmega3\libgcc.a(_divmodhi4.o)
 .text.libgcc.fixed
                0x00000000        0x0 c:/program files (x86)/atmel/studio/7.0/toolchain/avr8/avr8-gnu-toolchain/bin/../lib/gcc/avr/5.4.0/avrxmega3\libgcc.a(_divmodhi4.o)
 .text          0x00000000        0x0 c:/program files (x86)/atmel/studio/7.0/toolchain/avr8/avr8-gnu-toolchain/bin/../lib/gcc/avr/5.4.0/avrxmega3\libgcc.a(_exit.o)
 .data          0x00000000        0x0 c:/program files (x86)/atmel/studio/7.0/toolchain/avr8/avr8-gnu-toolchain/bin/../lib/gcc/avr/5.4.0/avrxmega3\libgcc.a(_exit.o)
 .bss           0x00000000        0x0 c:/program files (x86)/atmel/studio/7.0/toolchain/avr8/avr8-gnu-toolchain/bin/../lib/gcc/avr/5.4.0/avrxmega3\libgcc.a(_exit.o)
 .text.libgcc.mul
                0x00000000        0x0 c:/program files (x86)/atmel/studio/7.0/toolchain/avr8/avr8-gnu-toolchain/bin/../lib/gcc/avr/5.4.0/avrxmega3\libgcc.a(_exit.o)
 .text.libgcc.div
                0x00000000        0x0 c:/program files (x86)/atmel/studio/7.0/toolchain/avr8/avr8-gnu-toolchain/bin/../lib/gcc/avr/5.4.0/avrxmega3\libgcc.a(_exit.o)
 .text.libgcc   0x00000000        0x0 c:/program files (x86)/atmel/studio/7.0/toolchain/avr8/avr8-gnu-toolchain/bin/../lib/gcc/avr/5.4.0/avrxmega3\libgcc.a(_exit.o)
 .text.libgcc.prologue
                0x00000000        0x0 c:/program files (x86)/atmel/studio/7.0/toolchain/avr8/avr8-gnu-toolchain/bin/../lib/gcc/avr/5.4.0/avrxmega3\libgcc.a(_exit.o)
 .text.libgcc.builtins
                0x00000000        0x0 c:/program files (x86)/atmel/studio/7.0/toolchain/avr8/avr8-gnu-toolchain/bin/../lib/gcc/avr/5.4.0/avrxmega3\libgcc.a(_exit.o)
 .text.libgcc.fmul
                0x00000000        0x0 c:/program files (x86)/atmel/studio/7.0/toolchain/avr8/avr8-gnu-toolchain/bin/../lib/gcc/avr/5.4.0/avrxmega3\libgcc.a(_exit.o)
 .text.libgcc.fixed
                0x00000000        0x0 c:/program files (x86)/atmel/studio/7.0/toolchain/avr8/avr8-gnu-toolchain/bin/../lib/gcc/avr/5.4.0/avrxmega3\libgcc.a(_exit.o)
 .text          0x00000000        0x0 c:/program files (x86)/atmel/studio/7.0/toolchain/avr8/avr8-gnu-toolchain/bin/../lib/gcc/avr/5.4.0/avrxmega3\libgcc.a(_copy_data.o)
 .data          0x00000000        0x0 c:/program files (x86)/atmel/studio/7.0/toolchain/avr8/avr8-gnu-toolchain/bin/../lib/gcc/avr/5.4.0/avrxmega3\libgcc.a(_copy_data.o)
 .bss           0x00000000        0x0 c:/program files (x86)/atmel/studio/7.0/toolchain/avr8/avr8-gnu-toolchain/bin/../lib/gcc/avr/5.4.0/avrxmega3\libgcc.a(_copy_data.o)
 .text.libgcc.mul
                0x00000000        0x0 c:/program files (x86)/atmel/studio/7.0/toolchain/avr8/avr8-gnu-toolchain/bin/../lib/gcc/avr/5.4.0/avrxmega3\libgcc.a(_copy_data.o)
 .text.libgcc.div
                0x00000000        0x0 c:/program files (x86)/atmel/studio/7.0/toolchain/avr8/avr8-gnu-toolchain/bin/../lib/gcc/avr/5.4.0/avrxmega3\libgcc.a(_copy_data.o)
 .text.libgcc   0x00000000        0x0 c:/program files (x86)/atmel/studio/7.0/toolchain/avr8/avr8-gnu-toolchain/bin/../lib/gcc/avr/5.4.0/avrxmega3\libgcc.a(_copy_data.o)
 .text.libgcc.prologue
                0x00000000        0x0 c:/program files (x86)/atmel/studio/7.0/toolchain/avr8/avr8-gnu-toolchain/bin/../lib/gcc/avr/5.4.0/avrxmega3\libgcc.a(_copy_data.o)
 .text.libgcc.builtins
                0x00000000        0x0 c:/program files (x86)/atmel/studio/7.0/toolchain/avr8/avr8-gnu-toolchain/bin/../lib/gcc/avr/5.4.0/avrxmega3\libgcc.a(_copy_data.o)
 .text.libgcc.fmul
                0x00000000        0x0 c:/program files (x86)/atmel/studio/7.0/toolchain/avr8/avr8-gnu-toolchain/bin/../lib/gcc/avr/5.4.0/avrxmega3\libgcc.a(_copy_data.o)
 .text.libgcc.fixed
                0x00000000        0x0 c:/program files (x86)/atmel/studio/7.0/toolchain/avr8/avr8-gnu-toolchain/bin/../lib/gcc/avr/5.4.0/avrxmega3\libgcc.a(_copy_data.o)
 .text          0x00000000        0x0 c:/program files (x86)/atmel/studio/7.0/toolchain/avr8/avr8-gnu-toolchain/bin/../lib/gcc/avr/5.4.0/avrxmega3\libgcc.a(_clear_bss.o)
 .data          0x00000000        0x0 c:/program files (x86)/atmel/studio/7.0/toolchain/avr8/avr8-gnu-toolchain/bin/../lib/gcc/avr/5.4.0/avrxmega3\libgcc.a(_clear_bss.o)
 .bss           0x00000000        0x0 c:/program files (x86)/atmel/studio/7.0/toolchain/avr8/avr8-gnu-toolchain/bin/../lib/gcc/avr/5.4.0/avrxmega3\libgcc.a(_clear_bss.o)
 .text.libgcc.mul
                0x00000000        0x0 c:/program files (x86)/atmel/studio/7.0/toolchain/avr8/avr8-gnu-toolchain/bin/../lib/gcc/avr/5.4.0/avrxmega3\libgcc.a(_clear_bss.o)
 .text.libgcc.div
                0x00000000        0x0 c:/program files (x86)/atmel/studio/7.0/toolchain/avr8/avr8-gnu-toolchain/bin/../lib/gcc/avr/5.4.0/avrxmega3\libgcc.a(_clear_bss.o)
 .text.libgcc   0x00000000        0x0 c:/program files (x86)/atmel/studio/7.0/toolchain/avr8/avr8-gnu-toolchain/bin/../lib/gcc/avr/5.4.0/avrxmega3\libgcc.a(_clear_bss.o)
 .text.libgcc.prologue
                0x00000000        0x0 c:/program files (x86)/atmel/studio/7.0/toolchain/avr8/avr8-gnu-toolchain/bin/../lib/gcc/avr/5.4.0/avrxmega3\libgcc.a(_clear_bss.o)
 .text.libgcc.builtins
                0x00000000        0x0 c:/program files (x86)/atmel/studio/7.0/toolchain/avr8/avr8-gnu-toolchain/bin/../lib/gcc/avr/5.4.0/avrxmega3\libgcc.a(_clear_bss.o)
 .text.libgcc.fmul
                0x00000000        0x0 c:/program files (x86)/atmel/studio/7.0/toolchain/avr8/avr8-gnu-toolchain/bin/../lib/gcc/avr/5.4.0/avrxmega3\libgcc.a(_clear_bss.o)
 .text.libgcc.fixed
                0x00000000        0x0 c:/program files (x86)/atmel/studio/7.0/toolchain/avr8/avr8-gnu-toolchain/bin/../lib/gcc/avr/5.4.0/avrxmega3\libgcc.a(_clear_bss.o)
 .text          0x00000000        0x0 c:/program files (x86)/atmel/studio/7.0/toolchain/avr8/avr8-gnu-toolchain/bin/../lib/gcc/avr/5.4.0/avrxmega3\libgcc.a(_udivmodhi4.o)
 .data          0x00000000        0x0 c:/program files (x86)/atmel/studio/7.0/toolchain/avr8/avr8-gnu-toolchain/bin/../lib/gcc/avr/5.4.0/avrxmega3\libgcc.a(_udivmodhi4.o)
 .bss           0x00000000        0x0 c:/program files (x86)/atmel/studio/7.0/toolchain/avr8/avr8-gnu-toolchain/bin/../lib/gcc/avr/5.4.0/avrxmega3\libgcc.a(_udivmodhi4.o)
 .text.libgcc.mul
                0x00000000        0x0 c:/program files (x86)/atmel/studio/7.0/toolchain/avr8/avr8-gnu-toolchain/bin/../lib/gcc/avr/5.4.0/avrxmega3\libgcc.a(_udivmodhi4.o)
 .text.libgcc.div
                0x00000000       0x28 c:/program files (x86)/atmel/studio/7.0/toolchain/avr8/avr8-gnu-toolchain/bin/../lib/gcc/avr/5.4.0/avrxmega3\libgcc.a(_udivmodhi4.o)
 .text.libgcc   0x00000000        0x0 c:/program files (x86)/atmel/studio/7.0/toolchain/avr8/avr8-gnu-toolchain/bin/../lib/gcc/avr/5.4.0/avrxmega3\libgcc.a(_udivmodhi4.o)
 .text.libgcc.prologue
                0x00000000        0x0 c:/program files (x86)/atmel/studio/7.0/toolchain/avr8/avr8-gnu-toolchain/bin/../lib/gcc/avr/5.4.0/avrxmega3\libgcc.a(_udivmodhi4.o)
 .text.libgcc.builtins
                0x00000000        0x0 c:/program files (x86)/atmel/studio/7.0/toolchain/avr8/avr8-gnu-toolchain/bin/../lib/gcc/avr/5.4.0/avrxmega3\libgcc.a(_udivmodhi4.o)
 .text.libgcc.fmul
                0x00000000        0x0 c:/program files (x86)/atmel/studio/7.0/toolchain/avr8/avr8-gnu-toolchain/bin/../lib/gcc/avr/5.4.0/avrxmega3\libgcc.a(_udivmodhi4.o)
 .text.libgcc.fixed
                0x00000000        0x0 c:/program files (x86)/atmel/studio/7.0/toolchain/avr8/avr8-gnu-toolchain/bin/../lib/gcc/avr/5.4.0/avrxmega3\libgcc.a(_udivmodhi4.o)

Memory Configuration

Name             Origin             Length             Attributes
text             0x00000000         0x0000c000         xr
data             0x00802800         0x00001800         rw !x
eeprom           0x00810000         0x00000100         rw !x
fuse             0x00820000         0x0000000a         rw !x
lock             0x00830000         0x00000400         rw !x
signature        0x00840000         0x00000400         rw !x
user_signatures  0x00850000         0x00000400         rw !x
*default*        0x00000000         0xffffffff

Linker script and memory map

Address of section .data set to 0x802800
                0x00004000                __RODATA_PM_OFFSET__ = 0x4000
LOAD C:/Program Files (x86)/Atmel/Studio/7.0/Packs/Atmel/ATmega_DFP/2.1.506/gcc/dev/atmega4809/avrxmega3/crtatmega4809.o
LOAD Fonts/terminal16x16.o
LOAD Fonts/terminal5x12.o
LOAD Fonts/terminal8x8b.o
LOAD main.o
LOAD menudef.o
LOAD Menu/menu.o
LOAD OLED/OLED.o
START GROUP
LOAD c:/program files (x86)/atmel/studio/7.0/toolchain/avr8/avr8-gnu-toolchain/bin/../lib/gcc/avr/5.4.0/../../../../avr/lib/avrxmega3\libm.a
END GROUP
START GROUP
LOAD c:/program files (x86)/atmel/studio/7.0/toolchain/avr8/avr8-gnu-toolchain/bin/../lib/gcc/avr/5.4.0/avrxmega3\libgcc.a
LOAD c:/program files (x86)/atmel/studio/7.0/toolchain/avr8/avr8-gnu-toolchain/bin/../lib/gcc/avr/5.4.0/../../../../avr/lib/avrxmega3\libm.a
LOAD c:/program files (x86)/atmel/studio/7.0/toolchain/avr8/avr8-gnu-toolchain/bin/../lib/gcc/avr/5.4.0/../../../../avr/lib/avrxmega3\libc.a
LOAD C:/Program Files (x86)/Atmel/Studio/7.0/Packs/Atmel/ATmega_DFP/2.1.506/gcc/dev/atmega4809/avrxmega3\libatmega4809.a
END GROUP
                [0x00000000]                __TEXT_REGION_ORIGIN__ = DEFINED (__TEXT_REGION_ORIGIN__)?__TEXT_REGION_ORIGIN__:0x0
                [0x00802800]                __DATA_REGION_ORIGIN__ = DEFINED (__DATA_REGION_ORIGIN__)?__DATA_REGION_ORIGIN__:0x802000
                [0x0000c000]                __TEXT_REGION_LENGTH__ = DEFINED (__TEXT_REGION_LENGTH__)?__TEXT_REGION_LENGTH__:0x100000
                [0x00001800]                __DATA_REGION_LENGTH__ = DEFINED (__DATA_REGION_LENGTH__)?__DATA_REGION_LENGTH__:0xffa0
                [0x00000100]                __EEPROM_REGION_LENGTH__ = DEFINED (__EEPROM_REGION_LENGTH__)?__EEPROM_REGION_LENGTH__:0x10000
                [0x0000000a]                __FUSE_REGION_LENGTH__ = DEFINED (__FUSE_REGION_LENGTH__)?__FUSE_REGION_LENGTH__:0x400
                0x00000400                __LOCK_REGION_LENGTH__ = DEFINED (__LOCK_REGION_LENGTH__)?__LOCK_REGION_LENGTH__:0x400
                0x00000400                __SIGNATURE_REGION_LENGTH__ = DEFINED (__SIGNATURE_REGION_LENGTH__)?__SIGNATURE_REGION_LENGTH__:0x400
                0x00000400                __USER_SIGNATURE_REGION_LENGTH__ = DEFINED (__USER_SIGNATURE_REGION_LENGTH__)?__USER_SIGNATURE_REGION_LENGTH__:0x400
                0x00008000                __RODATA_PM_OFFSET__ = DEFINED (__RODATA_PM_OFFSET__)?__RODATA_PM_OFFSET__:0x8000

.hash
 *(.hash)

.dynsym
 *(.dynsym)

.dynstr
 *(.dynstr)

.gnu.version
 *(.gnu.version)

.gnu.version_d
 *(.gnu.version_d)

.gnu.version_r
 *(.gnu.version_r)

.rel.init
 *(.rel.init)

.rela.init
 *(.rela.init)

.rel.text
 *(.rel.text)
 *(.rel.text.*)
 *(.rel.gnu.linkonce.t*)

.rela.text
 *(.rela.text)
 *(.rela.text.*)
 *(.rela.gnu.linkonce.t*)

.rel.fini
 *(.rel.fini)

.rela.fini
 *(.rela.fini)

.rel.rodata
 *(.rel.rodata)
 *(.rel.rodata.*)
 *(.rel.gnu.linkonce.r*)

.rela.rodata
 *(.rela.rodata)
 *(.rela.rodata.*)
 *(.rela.gnu.linkonce.r*)

.rel.data
 *(.rel.data)
 *(.rel.data.*)
 *(.rel.gnu.linkonce.d*)

.rela.data
 *(.rela.data)
 *(.rela.data.*)
 *(.rela.gnu.linkonce.d*)

.rel.ctors
 *(.rel.ctors)

.rela.ctors
 *(.rela.ctors)

.rel.dtors
 *(.rel.dtors)

.rela.dtors
 *(.rela.dtors)

.rel.got
 *(.rel.got)

.rela.got
 *(.rela.got)

.rel.bss
 *(.rel.bss)

.rela.bss
 *(.rela.bss)

.rel.plt
 *(.rel.plt)

.rela.plt
 *(.rela.plt)

.text           0x00000000      0xaea
 *(.vectors)
 .vectors       0x00000000       0xa0 C:/Program Files (x86)/Atmel/Studio/7.0/Packs/Atmel/ATmega_DFP/2.1.506/gcc/dev/atmega4809/avrxmega3/crtatmega4809.o
                0x00000000                __vector_default
                0x00000000                __vectors
 *(.vectors)
 *(.progmem.gcc*)
                0x000000a0                . = ALIGN (0x2)
                0x000000a0                __trampolines_start = .
 *(.trampolines)
 .trampolines   0x000000a0        0x0 linker stubs
 *(.trampolines*)
                0x000000a0                __trampolines_end = .
 *libprintf_flt.a:*(.progmem.data)
 *libc.a:*(.progmem.data)
 *(.progmem*)
                0x000000a0                . = ALIGN (0x2)
 *(.jumptables)
 *(.jumptables*)
 *(.lowtext)
 *(.lowtext*)
                0x000000a0                __ctors_start = .
 *(.ctors)
                0x000000a0                __ctors_end = .
                0x000000a0                __dtors_start = .
 *(.dtors)
                0x000000a0                __dtors_end = .
 SORT(*)(.ctors)
 SORT(*)(.dtors)
 *(.init0)
 .init0         0x000000a0        0x0 C:/Program Files (x86)/Atmel/Studio/7.0/Packs/Atmel/ATmega_DFP/2.1.506/gcc/dev/atmega4809/avrxmega3/crtatmega4809.o
                0x000000a0                __init
 *(.init0)
 *(.init1)
 *(.init1)
 *(.init2)
 .init2         0x000000a0        0xc C:/Program Files (x86)/Atmel/Studio/7.0/Packs/Atmel/ATmega_DFP/2.1.506/gcc/dev/atmega4809/avrxmega3/crtatmega4809.o
 *(.init2)
 *(.init3)
 *(.init3)
 *(.init4)
 .init4         0x000000ac       0x16 c:/program files (x86)/atmel/studio/7.0/toolchain/avr8/avr8-gnu-toolchain/bin/../lib/gcc/avr/5.4.0/avrxmega3\libgcc.a(_copy_data.o)
                0x000000ac                __do_copy_data
 .init4         0x000000c2       0x10 c:/program files (x86)/atmel/studio/7.0/toolchain/avr8/avr8-gnu-toolchain/bin/../lib/gcc/avr/5.4.0/avrxmega3\libgcc.a(_clear_bss.o)
                0x000000c2                __do_clear_bss
 *(.init4)
 *(.init5)
 *(.init5)
 *(.init6)
 *(.init6)
 *(.init7)
 *(.init7)
 *(.init8)
 *(.init8)
 *(.init9)
 .init9         0x000000d2        0x8 C:/Program Files (x86)/Atmel/Studio/7.0/Packs/Atmel/ATmega_DFP/2.1.506/gcc/dev/atmega4809/avrxmega3/crtatmega4809.o
 *(.init9)
 *(.text)
 .text          0x000000da        0x4 C:/Program Files (x86)/Atmel/Studio/7.0/Packs/Atmel/ATmega_DFP/2.1.506/gcc/dev/atmega4809/avrxmega3/crtatmega4809.o
                0x000000da                __vector_38
                0x000000da                __vector_22
                0x000000da                __vector_28
                0x000000da                __vector_1
                0x000000da                __vector_32
                0x000000da                __vector_34
                0x000000da                __vector_24
                0x000000da                __vector_12
                0x000000da                __bad_interrupt
                0x000000da                __vector_6
                0x000000da                __vector_31
                0x000000da                __vector_35
                0x000000da                __vector_39
                0x000000da                __vector_3
                0x000000da                __vector_23
                0x000000da                __vector_30
                0x000000da                __vector_25
                0x000000da                __vector_11
                0x000000da                __vector_13
                0x000000da                __vector_17
                0x000000da                __vector_19
                0x000000da                __vector_27
                0x000000da                __vector_5
                0x000000da                __vector_33
                0x000000da                __vector_37
                0x000000da                __vector_4
                0x000000da                __vector_9
                0x000000da                __vector_2
                0x000000da                __vector_21
                0x000000da                __vector_15
                0x000000da                __vector_36
                0x000000da                __vector_29
                0x000000da                __vector_8
                0x000000da                __vector_26
                0x000000da                __vector_14
                0x000000da                __vector_10
                0x000000da                __vector_16
                0x000000da                __vector_18
                0x000000da                __vector_20
                0x000000de                . = ALIGN (0x2)
 *(.text.*)
 .text.OLED_Interface_Init
                0x000000de       0x22 main.o
                0x000000de                OLED_Interface_Init
 .text.__vector_7
                0x00000100       0xbe main.o
                0x00000100                __vector_7
 .text.Kbd_init
                0x000001be       0x28 main.o
                0x000001be                Kbd_init
 .text.main     0x000001e6      0x1dc main.o
                0x000001e6                main
 .text.OLED_Init
                0x000003c2      0x4cc OLED/OLED.o
                0x000003c2                OLED_Init
 .text.OLED_SetWindow
                0x0000088e       0xc8 OLED/OLED.o
                0x0000088e                OLED_SetWindow
 .text.OLED_Clear
                0x00000956       0x9e OLED/OLED.o
                0x00000956                OLED_Clear
 .text.OLED_SetPixel
                0x000009f4       0x68 OLED/OLED.o
                0x000009f4                OLED_SetPixel
 .text.OLED_SetPixel18
                0x00000a5c       0x8a OLED/OLED.o
                0x00000a5c                OLED_SetPixel18
                0x00000ae6                . = ALIGN (0x2)
 *(.fini9)
 .fini9         0x00000ae6        0x0 c:/program files (x86)/atmel/studio/7.0/toolchain/avr8/avr8-gnu-toolchain/bin/../lib/gcc/avr/5.4.0/avrxmega3\libgcc.a(_exit.o)
                0x00000ae6                _exit
                0x00000ae6                exit
 *(.fini9)
 *(.fini8)
 *(.fini8)
 *(.fini7)
 *(.fini7)
 *(.fini6)
 *(.fini6)
 *(.fini5)
 *(.fini5)
 *(.fini4)
 *(.fini4)
 *(.fini3)
 *(.fini3)
 *(.fini2)
 *(.fini2)
 *(.fini1)
 *(.fini1)
 *(.fini0)
 .fini0         0x00000ae6        0x4 c:/program files (x86)/atmel/studio/7.0/toolchain/avr8/avr8-gnu-toolchain/bin/../lib/gcc/avr/5.4.0/avrxmega3\libgcc.a(_exit.o)
 *(.fini0)
                0x00000aea                _etext = .

.rodata         0x00004aea       0x3f load address 0x00000aea
 *(.rodata)
 .rodata        0x00004aea       0x3f main.o
 *(.rodata*)
 *(.gnu.linkonce.r*)

.data           0x00802800        0x0 load address 0x00000b29
                0x00802800                PROVIDE (__data_start, .)
 *(.data)
 *(.data*)
 *(.gnu.linkonce.d*)
                0x00802800                . = ALIGN (0x2)
                0x00802800                _edata = .
                0x00802800                PROVIDE (__data_end, .)

.bss            0x00802800        0xa
                0x00802800                PROVIDE (__bss_start, .)
 *(.bss)
 *(.bss*)
 .bss.counters.3453
                0x00802800        0x3 main.o
 *(COMMON)
 COMMON         0x00802803        0x1 main.o
                0x00802803                Buttons
 COMMON         0x00802804        0x6 OLED/OLED.o
                0x00802804                OLED_FgColor
                0x00802806                OLED_BgColor
                0x00802808                OLED_Y
                0x00802809                OLED_X
                0x0080280a                PROVIDE (__bss_end, .)
                0x00000b29                __data_load_start = LOADADDR (.data)
                0x00000b29                __data_load_end = (__data_load_start + SIZEOF (.data))

.noinit         0x0080280a        0x0
                [!provide]                PROVIDE (__noinit_start, .)
 *(.noinit*)
                [!provide]                PROVIDE (__noinit_end, .)
                0x0080280a                _end = .
                [!provide]                PROVIDE (__heap_start, .)

.eeprom         0x00810000        0x0
 *(.eeprom*)
                0x00810000                __eeprom_end = .

.fuse
 *(.fuse)
 *(.lfuse)
 *(.hfuse)
 *(.efuse)

.lock
 *(.lock*)

.signature
 *(.signature*)

.user_signatures
 *(.user_signatures*)

.stab
 *(.stab)

.stabstr
 *(.stabstr)

.stab.excl
 *(.stab.excl)

.stab.exclstr
 *(.stab.exclstr)

.stab.index
 *(.stab.index)

.stab.indexstr
 *(.stab.indexstr)

.comment        0x00000000       0x30
 *(.comment)
 .comment       0x00000000       0x30 main.o
                                 0x31 (size before relaxing)
 .comment       0x00000030       0x31 OLED/OLED.o

.note.gnu.avr.deviceinfo
                0x00000000       0x40
 .note.gnu.avr.deviceinfo
                0x00000000       0x40 C:/Program Files (x86)/Atmel/Studio/7.0/Packs/Atmel/ATmega_DFP/2.1.506/gcc/dev/atmega4809/avrxmega3/crtatmega4809.o

.note.gnu.build-id
 *(.note.gnu.build-id)

.debug
 *(.debug)

.line
 *(.line)

.debug_srcinfo
 *(.debug_srcinfo)

.debug_sfnames
 *(.debug_sfnames)

.debug_aranges  0x00000000       0x90
 *(.debug_aranges)
 .debug_aranges
                0x00000000       0x38 main.o
 .debug_aranges
                0x00000038       0x58 OLED/OLED.o

.debug_pubnames
 *(.debug_pubnames)

.debug_info     0x00000000     0x58be
 *(.debug_info .gnu.linkonce.wi.*)
 .debug_info    0x00000000     0x2795 C:/Program Files (x86)/Atmel/Studio/7.0/Packs/Atmel/ATmega_DFP/2.1.506/gcc/dev/atmega4809/avrxmega3/crtatmega4809.o
 .debug_info    0x00002795     0x125c main.o
 .debug_info    0x000039f1     0x1ecd OLED/OLED.o

.debug_abbrev   0x00000000     0x2b23
 *(.debug_abbrev)
 .debug_abbrev  0x00000000     0x2578 C:/Program Files (x86)/Atmel/Studio/7.0/Packs/Atmel/ATmega_DFP/2.1.506/gcc/dev/atmega4809/avrxmega3/crtatmega4809.o
 .debug_abbrev  0x00002578      0x310 main.o
 .debug_abbrev  0x00002888      0x29b OLED/OLED.o

.debug_line     0x00000000     0x107e
 *(.debug_line .debug_line.* .debug_line_end)
 .debug_line    0x00000000      0x187 C:/Program Files (x86)/Atmel/Studio/7.0/Packs/Atmel/ATmega_DFP/2.1.506/gcc/dev/atmega4809/avrxmega3/crtatmega4809.o
 .debug_line    0x00000187      0x45d main.o
 .debug_line    0x000005e4      0xa9a OLED/OLED.o

.debug_frame    0x00000000      0x244
 *(.debug_frame)
 .debug_frame   0x00000000       0x9c main.o
 .debug_frame   0x0000009c      0x1a8 OLED/OLED.o

.debug_str      0x00000000     0x19f6
 *(.debug_str)
 .debug_str     0x00000000     0x1097 C:/Program Files (x86)/Atmel/Studio/7.0/Packs/Atmel/ATmega_DFP/2.1.506/gcc/dev/atmega4809/avrxmega3/crtatmega4809.o
 .debug_str     0x00001097      0x85f main.o
                                0x8ce (size before relaxing)
 .debug_str     0x000018f6      0x100 OLED/OLED.o
                                0x4c6 (size before relaxing)

.debug_loc      0x00000000     0x20ab
 *(.debug_loc)
 .debug_loc     0x00000000      0x461 main.o
 .debug_loc     0x00000461     0x1c4a OLED/OLED.o

.debug_macinfo
 *(.debug_macinfo)

.debug_weaknames
 *(.debug_weaknames)

.debug_funcnames
 *(.debug_funcnames)

.debug_typenames
 *(.debug_typenames)

.debug_varnames
 *(.debug_varnames)

.debug_pubtypes
 *(.debug_pubtypes)

.debug_ranges   0x00000000      0x100
 *(.debug_ranges)
 .debug_ranges  0x00000000       0x70 main.o
 .debug_ranges  0x00000070       0x90 OLED/OLED.o

.debug_macro
 *(.debug_macro)
OUTPUT(OLEDRGBFirst.elf elf32-avr)
LOAD linker stubs
