Archive member included to satisfy reference by file (symbol)

c:/program files (x86)/atmel/studio/7.0/toolchain/arm/arm-gnu-toolchain/bin/../lib/gcc/arm-none-eabi/6.3.1/thumb/v6-m\libgcc.a(_muldi3.o)
                              main.o (__aeabi_lmul)
c:/program files (x86)/atmel/studio/7.0/toolchain/arm/arm-gnu-toolchain/bin/../lib/gcc/arm-none-eabi/6.3.1/../../../../arm-none-eabi/lib/thumb/v6-m\libc.a(lib_a-exit.o)
                              c:/program files (x86)/atmel/studio/7.0/toolchain/arm/arm-gnu-toolchain/bin/../lib/gcc/arm-none-eabi/6.3.1/../../../../arm-none-eabi/lib/thumb/v6-m/crt0.o (exit)
c:/program files (x86)/atmel/studio/7.0/toolchain/arm/arm-gnu-toolchain/bin/../lib/gcc/arm-none-eabi/6.3.1/../../../../arm-none-eabi/lib/thumb/v6-m\libc.a(lib_a-impure.o)
                              c:/program files (x86)/atmel/studio/7.0/toolchain/arm/arm-gnu-toolchain/bin/../lib/gcc/arm-none-eabi/6.3.1/../../../../arm-none-eabi/lib/thumb/v6-m\libc.a(lib_a-exit.o) (_global_impure_ptr)
c:/program files (x86)/atmel/studio/7.0/toolchain/arm/arm-gnu-toolchain/bin/../lib/gcc/arm-none-eabi/6.3.1/../../../../arm-none-eabi/lib/thumb/v6-m\libc.a(lib_a-init.o)
                              c:/program files (x86)/atmel/studio/7.0/toolchain/arm/arm-gnu-toolchain/bin/../lib/gcc/arm-none-eabi/6.3.1/../../../../arm-none-eabi/lib/thumb/v6-m/crt0.o (__libc_init_array)
c:/program files (x86)/atmel/studio/7.0/toolchain/arm/arm-gnu-toolchain/bin/../lib/gcc/arm-none-eabi/6.3.1/../../../../arm-none-eabi/lib/thumb/v6-m\libc.a(lib_a-memset.o)
                              c:/program files (x86)/atmel/studio/7.0/toolchain/arm/arm-gnu-toolchain/bin/../lib/gcc/arm-none-eabi/6.3.1/../../../../arm-none-eabi/lib/thumb/v6-m/crt0.o (memset)
c:/program files (x86)/atmel/studio/7.0/toolchain/arm/arm-gnu-toolchain/bin/../lib/gcc/arm-none-eabi/6.3.1/../../../../arm-none-eabi/lib/thumb/v6-m\libc.a(lib_a-__call_atexit.o)
                              c:/program files (x86)/atmel/studio/7.0/toolchain/arm/arm-gnu-toolchain/bin/../lib/gcc/arm-none-eabi/6.3.1/../../../../arm-none-eabi/lib/thumb/v6-m\libc.a(lib_a-exit.o) (__call_exitprocs)
c:/program files (x86)/atmel/studio/7.0/toolchain/arm/arm-gnu-toolchain/bin/../lib/gcc/arm-none-eabi/6.3.1/../../../../arm-none-eabi/lib/thumb/v6-m\libc.a(lib_a-atexit.o)
                              c:/program files (x86)/atmel/studio/7.0/toolchain/arm/arm-gnu-toolchain/bin/../lib/gcc/arm-none-eabi/6.3.1/../../../../arm-none-eabi/lib/thumb/v6-m\libc.a(lib_a-__call_atexit.o) (atexit)
c:/program files (x86)/atmel/studio/7.0/toolchain/arm/arm-gnu-toolchain/bin/../lib/gcc/arm-none-eabi/6.3.1/../../../../arm-none-eabi/lib/thumb/v6-m\libc.a(lib_a-fini.o)
                              c:/program files (x86)/atmel/studio/7.0/toolchain/arm/arm-gnu-toolchain/bin/../lib/gcc/arm-none-eabi/6.3.1/../../../../arm-none-eabi/lib/thumb/v6-m\libc.a(lib_a-__call_atexit.o) (__libc_fini_array)
c:/program files (x86)/atmel/studio/7.0/toolchain/arm/arm-gnu-toolchain/bin/../lib/gcc/arm-none-eabi/6.3.1/../../../../arm-none-eabi/lib/thumb/v6-m\libc.a(lib_a-lock.o)
                              c:/program files (x86)/atmel/studio/7.0/toolchain/arm/arm-gnu-toolchain/bin/../lib/gcc/arm-none-eabi/6.3.1/../../../../arm-none-eabi/lib/thumb/v6-m\libc.a(lib_a-__call_atexit.o) (__retarget_lock_acquire_recursive)
c:/program files (x86)/atmel/studio/7.0/toolchain/arm/arm-gnu-toolchain/bin/../lib/gcc/arm-none-eabi/6.3.1/../../../../arm-none-eabi/lib/thumb/v6-m\libc.a(lib_a-__atexit.o)
                              c:/program files (x86)/atmel/studio/7.0/toolchain/arm/arm-gnu-toolchain/bin/../lib/gcc/arm-none-eabi/6.3.1/../../../../arm-none-eabi/lib/thumb/v6-m\libc.a(lib_a-atexit.o) (__register_exitproc)

Allocating common symbols
Common symbol       size              file

__lock___atexit_recursive_mutex
                    0x1               c:/program files (x86)/atmel/studio/7.0/toolchain/arm/arm-gnu-toolchain/bin/../lib/gcc/arm-none-eabi/6.3.1/../../../../arm-none-eabi/lib/thumb/v6-m\libc.a(lib_a-lock.o)
RxBufReadIndex      0x1               main.o
__lock___arc4random_mutex
                    0x1               c:/program files (x86)/atmel/studio/7.0/toolchain/arm/arm-gnu-toolchain/bin/../lib/gcc/arm-none-eabi/6.3.1/../../../../arm-none-eabi/lib/thumb/v6-m\libc.a(lib_a-lock.o)
TxBufferWriteIndex  0x1               main.o
TxBufferCnt         0x1               main.o
TxBufferReadIndex   0x1               main.o
RxBufferCnt         0x1               main.o
__lock___env_recursive_mutex
                    0x1               c:/program files (x86)/atmel/studio/7.0/toolchain/arm/arm-gnu-toolchain/bin/../lib/gcc/arm-none-eabi/6.3.1/../../../../arm-none-eabi/lib/thumb/v6-m\libc.a(lib_a-lock.o)
__lock___sinit_recursive_mutex
                    0x1               c:/program files (x86)/atmel/studio/7.0/toolchain/arm/arm-gnu-toolchain/bin/../lib/gcc/arm-none-eabi/6.3.1/../../../../arm-none-eabi/lib/thumb/v6-m\libc.a(lib_a-lock.o)
TimingDelay         0x4               Delay/delay.o
__lock___malloc_recursive_mutex
                    0x1               c:/program files (x86)/atmel/studio/7.0/toolchain/arm/arm-gnu-toolchain/bin/../lib/gcc/arm-none-eabi/6.3.1/../../../../arm-none-eabi/lib/thumb/v6-m\libc.a(lib_a-lock.o)
RxBufferWriteIndex  0x1               main.o
RxBuffer            0x100             main.o
TxBuffer            0x100             main.o
__lock___at_quick_exit_mutex
                    0x1               c:/program files (x86)/atmel/studio/7.0/toolchain/arm/arm-gnu-toolchain/bin/../lib/gcc/arm-none-eabi/6.3.1/../../../../arm-none-eabi/lib/thumb/v6-m\libc.a(lib_a-lock.o)
TxIntEn             0x1               main.o
__lock___dd_hash_mutex
                    0x1               c:/program files (x86)/atmel/studio/7.0/toolchain/arm/arm-gnu-toolchain/bin/../lib/gcc/arm-none-eabi/6.3.1/../../../../arm-none-eabi/lib/thumb/v6-m\libc.a(lib_a-lock.o)
__lock___tz_mutex   0x1               c:/program files (x86)/atmel/studio/7.0/toolchain/arm/arm-gnu-toolchain/bin/../lib/gcc/arm-none-eabi/6.3.1/../../../../arm-none-eabi/lib/thumb/v6-m\libc.a(lib_a-lock.o)
__lock___sfp_recursive_mutex
                    0x1               c:/program files (x86)/atmel/studio/7.0/toolchain/arm/arm-gnu-toolchain/bin/../lib/gcc/arm-none-eabi/6.3.1/../../../../arm-none-eabi/lib/thumb/v6-m\libc.a(lib_a-lock.o)

Discarded input sections

 .text          0x00000000        0x0 c:/program files (x86)/atmel/studio/7.0/toolchain/arm/arm-gnu-toolchain/bin/../lib/gcc/arm-none-eabi/6.3.1/thumb/v6-m/crti.o
 .data          0x00000000        0x0 c:/program files (x86)/atmel/studio/7.0/toolchain/arm/arm-gnu-toolchain/bin/../lib/gcc/arm-none-eabi/6.3.1/thumb/v6-m/crti.o
 .bss           0x00000000        0x0 c:/program files (x86)/atmel/studio/7.0/toolchain/arm/arm-gnu-toolchain/bin/../lib/gcc/arm-none-eabi/6.3.1/thumb/v6-m/crti.o
 .data          0x00000000        0x4 c:/program files (x86)/atmel/studio/7.0/toolchain/arm/arm-gnu-toolchain/bin/../lib/gcc/arm-none-eabi/6.3.1/thumb/v6-m/crtbegin.o
 .text          0x00000000       0x78 c:/program files (x86)/atmel/studio/7.0/toolchain/arm/arm-gnu-toolchain/bin/../lib/gcc/arm-none-eabi/6.3.1/../../../../arm-none-eabi/lib/thumb/v6-m/crt0.o
 .data          0x00000000        0x0 c:/program files (x86)/atmel/studio/7.0/toolchain/arm/arm-gnu-toolchain/bin/../lib/gcc/arm-none-eabi/6.3.1/../../../../arm-none-eabi/lib/thumb/v6-m/crt0.o
 .bss           0x00000000        0x0 c:/program files (x86)/atmel/studio/7.0/toolchain/arm/arm-gnu-toolchain/bin/../lib/gcc/arm-none-eabi/6.3.1/../../../../arm-none-eabi/lib/thumb/v6-m/crt0.o
 .ARM.extab     0x00000000        0x0 c:/program files (x86)/atmel/studio/7.0/toolchain/arm/arm-gnu-toolchain/bin/../lib/gcc/arm-none-eabi/6.3.1/../../../../arm-none-eabi/lib/thumb/v6-m/crt0.o
 .ARM.exidx     0x00000000        0x8 c:/program files (x86)/atmel/studio/7.0/toolchain/arm/arm-gnu-toolchain/bin/../lib/gcc/arm-none-eabi/6.3.1/../../../../arm-none-eabi/lib/thumb/v6-m/crt0.o
 .ARM.attributes
                0x00000000       0x1b c:/program files (x86)/atmel/studio/7.0/toolchain/arm/arm-gnu-toolchain/bin/../lib/gcc/arm-none-eabi/6.3.1/../../../../arm-none-eabi/lib/thumb/v6-m/crt0.o
 .group         0x00000000        0x8 Clk/SetClk.o
 .group         0x00000000        0x8 Clk/SetClk.o
 .group         0x00000000        0x8 Clk/SetClk.o
 .group         0x00000000        0x8 Clk/SetClk.o
 .group         0x00000000        0x8 Clk/SetClk.o
 .group         0x00000000        0x8 Clk/SetClk.o
 .group         0x00000000        0x8 Clk/SetClk.o
 .group         0x00000000        0x8 Clk/SetClk.o
 .group         0x00000000        0x8 Clk/SetClk.o
 .group         0x00000000        0x8 Clk/SetClk.o
 .group         0x00000000        0x8 Clk/SetClk.o
 .group         0x00000000        0x8 Clk/SetClk.o
 .group         0x00000000        0x8 Clk/SetClk.o
 .group         0x00000000        0x8 Clk/SetClk.o
 .group         0x00000000        0x8 Clk/SetClk.o
 .group         0x00000000        0x8 Clk/SetClk.o
 .group         0x00000000        0x8 Clk/SetClk.o
 .group         0x00000000        0x8 Clk/SetClk.o
 .group         0x00000000        0x8 Clk/SetClk.o
 .group         0x00000000        0x8 Clk/SetClk.o
 .group         0x00000000        0x8 Clk/SetClk.o
 .group         0x00000000        0x8 Clk/SetClk.o
 .group         0x00000000        0x8 Clk/SetClk.o
 .group         0x00000000        0x8 Clk/SetClk.o
 .group         0x00000000        0x8 Clk/SetClk.o
 .group         0x00000000        0x8 Clk/SetClk.o
 .group         0x00000000        0x8 Clk/SetClk.o
 .group         0x00000000        0x8 Clk/SetClk.o
 .group         0x00000000        0x8 Clk/SetClk.o
 .group         0x00000000        0x8 Clk/SetClk.o
 .group         0x00000000        0x8 Clk/SetClk.o
 .group         0x00000000        0x8 Clk/SetClk.o
 .group         0x00000000        0x8 Clk/SetClk.o
 .group         0x00000000        0x8 Clk/SetClk.o
 .group         0x00000000        0x8 Clk/SetClk.o
 .group         0x00000000        0x8 Clk/SetClk.o
 .group         0x00000000        0x8 Clk/SetClk.o
 .group         0x00000000        0x8 Clk/SetClk.o
 .group         0x00000000        0x8 Clk/SetClk.o
 .group         0x00000000        0x8 Clk/SetClk.o
 .group         0x00000000        0x8 Clk/SetClk.o
 .group         0x00000000        0x8 Clk/SetClk.o
 .group         0x00000000        0x8 Clk/SetClk.o
 .group         0x00000000        0x8 Clk/SetClk.o
 .group         0x00000000        0x8 Clk/SetClk.o
 .group         0x00000000        0x8 Clk/SetClk.o
 .group         0x00000000        0x8 Clk/SetClk.o
 .group         0x00000000        0x8 Clk/SetClk.o
 .group         0x00000000        0x8 Clk/SetClk.o
 .group         0x00000000        0x8 Clk/SetClk.o
 .group         0x00000000        0x8 Clk/SetClk.o
 .group         0x00000000        0x8 Clk/SetClk.o
 .group         0x00000000        0x8 Clk/SetClk.o
 .group         0x00000000        0x8 Clk/SetClk.o
 .group         0x00000000        0x8 Clk/SetClk.o
 .group         0x00000000        0x8 Clk/SetClk.o
 .group         0x00000000        0x8 Clk/SetClk.o
 .group         0x00000000        0x8 Clk/SetClk.o
 .group         0x00000000        0x8 Clk/SetClk.o
 .group         0x00000000        0x8 Clk/SetClk.o
 .group         0x00000000        0x8 Clk/SetClk.o
 .group         0x00000000        0x8 Clk/SetClk.o
 .group         0x00000000        0x8 Clk/SetClk.o
 .group         0x00000000        0x8 Clk/SetClk.o
 .group         0x00000000        0x8 Clk/SetClk.o
 .group         0x00000000        0x8 Clk/SetClk.o
 .group         0x00000000        0x8 Clk/SetClk.o
 .group         0x00000000        0x8 Clk/SetClk.o
 .group         0x00000000        0x8 Clk/SetClk.o
 .group         0x00000000        0x8 Clk/SetClk.o
 .group         0x00000000        0x8 Clk/SetClk.o
 .group         0x00000000        0x8 Clk/SetClk.o
 .text          0x00000000        0x0 Clk/SetClk.o
 .data          0x00000000        0x0 Clk/SetClk.o
 .bss           0x00000000        0x0 Clk/SetClk.o
 .group         0x00000000        0x8 Delay/delay.o
 .group         0x00000000        0x8 Delay/delay.o
 .group         0x00000000        0x8 Delay/delay.o
 .group         0x00000000        0x8 Delay/delay.o
 .group         0x00000000        0x8 Delay/delay.o
 .group         0x00000000        0x8 Delay/delay.o
 .group         0x00000000        0x8 Delay/delay.o
 .group         0x00000000        0x8 Delay/delay.o
 .group         0x00000000        0x8 Delay/delay.o
 .group         0x00000000        0x8 Delay/delay.o
 .group         0x00000000        0x8 Delay/delay.o
 .group         0x00000000        0x8 Delay/delay.o
 .group         0x00000000        0x8 Delay/delay.o
 .group         0x00000000        0x8 Delay/delay.o
 .group         0x00000000        0x8 Delay/delay.o
 .group         0x00000000        0x8 Delay/delay.o
 .group         0x00000000        0x8 Delay/delay.o
 .group         0x00000000        0x8 Delay/delay.o
 .group         0x00000000        0x8 Delay/delay.o
 .group         0x00000000        0x8 Delay/delay.o
 .group         0x00000000        0x8 Delay/delay.o
 .group         0x00000000        0x8 Delay/delay.o
 .group         0x00000000        0x8 Delay/delay.o
 .group         0x00000000        0x8 Delay/delay.o
 .group         0x00000000        0x8 Delay/delay.o
 .group         0x00000000        0x8 Delay/delay.o
 .group         0x00000000        0x8 Delay/delay.o
 .group         0x00000000        0x8 Delay/delay.o
 .group         0x00000000        0x8 Delay/delay.o
 .group         0x00000000        0x8 Delay/delay.o
 .group         0x00000000        0x8 Delay/delay.o
 .group         0x00000000        0x8 Delay/delay.o
 .group         0x00000000        0x8 Delay/delay.o
 .group         0x00000000        0x8 Delay/delay.o
 .group         0x00000000        0x8 Delay/delay.o
 .group         0x00000000        0x8 Delay/delay.o
 .group         0x00000000        0x8 Delay/delay.o
 .group         0x00000000        0x8 Delay/delay.o
 .group         0x00000000        0x8 Delay/delay.o
 .group         0x00000000        0x8 Delay/delay.o
 .group         0x00000000        0x8 Delay/delay.o
 .group         0x00000000        0x8 Delay/delay.o
 .group         0x00000000        0x8 Delay/delay.o
 .group         0x00000000        0x8 Delay/delay.o
 .group         0x00000000        0x8 Delay/delay.o
 .group         0x00000000        0x8 Delay/delay.o
 .group         0x00000000        0x8 Delay/delay.o
 .group         0x00000000        0x8 Delay/delay.o
 .group         0x00000000        0x8 Delay/delay.o
 .group         0x00000000        0x8 Delay/delay.o
 .group         0x00000000        0x8 Delay/delay.o
 .group         0x00000000        0x8 Delay/delay.o
 .group         0x00000000        0x8 Delay/delay.o
 .group         0x00000000        0x8 Delay/delay.o
 .group         0x00000000        0x8 Delay/delay.o
 .group         0x00000000        0x8 Delay/delay.o
 .group         0x00000000        0x8 Delay/delay.o
 .group         0x00000000        0x8 Delay/delay.o
 .group         0x00000000        0x8 Delay/delay.o
 .group         0x00000000        0x8 Delay/delay.o
 .group         0x00000000        0x8 Delay/delay.o
 .group         0x00000000        0x8 Delay/delay.o
 .group         0x00000000        0x8 Delay/delay.o
 .group         0x00000000        0x8 Delay/delay.o
 .group         0x00000000        0x8 Delay/delay.o
 .group         0x00000000        0x8 Delay/delay.o
 .group         0x00000000        0x8 Delay/delay.o
 .group         0x00000000        0x8 Delay/delay.o
 .group         0x00000000        0x8 Delay/delay.o
 .group         0x00000000        0x8 Delay/delay.o
 .group         0x00000000        0x8 Delay/delay.o
 .group         0x00000000        0x8 Delay/delay.o
 .text          0x00000000        0x0 Delay/delay.o
 .data          0x00000000        0x0 Delay/delay.o
 .bss           0x00000000        0x0 Delay/delay.o
 .debug_macro   0x00000000      0x8a4 Delay/delay.o
 .debug_macro   0x00000000       0x22 Delay/delay.o
 .debug_macro   0x00000000       0x87 Delay/delay.o
 .debug_macro   0x00000000       0x51 Delay/delay.o
 .debug_macro   0x00000000       0xef Delay/delay.o
 .debug_macro   0x00000000       0x6a Delay/delay.o
 .debug_macro   0x00000000      0x1df Delay/delay.o
 .debug_macro   0x00000000       0x39 Delay/delay.o
 .debug_macro   0x00000000       0x3a Delay/delay.o
 .debug_macro   0x00000000       0x1f Delay/delay.o
 .debug_macro   0x00000000      0x250 Delay/delay.o
 .debug_macro   0x00000000      0x67e Delay/delay.o
 .debug_macro   0x00000000      0x8b1 Delay/delay.o
 .debug_macro   0x00000000      0x22e Delay/delay.o
 .debug_macro   0x00000000      0xd5c Delay/delay.o
 .debug_macro   0x00000000      0x4dc Delay/delay.o
 .debug_macro   0x00000000      0x9f6 Delay/delay.o
 .debug_macro   0x00000000      0x82b Delay/delay.o
 .debug_macro   0x00000000      0x45f Delay/delay.o
 .debug_macro   0x00000000       0x5e Delay/delay.o
 .debug_macro   0x00000000      0x8f9 Delay/delay.o
 .debug_macro   0x00000000      0x21c Delay/delay.o
 .debug_macro   0x00000000      0x735 Delay/delay.o
 .debug_macro   0x00000000       0x5e Delay/delay.o
 .debug_macro   0x00000000      0x632 Delay/delay.o
 .debug_macro   0x00000000      0x3ac Delay/delay.o
 .debug_macro   0x00000000      0xc76 Delay/delay.o
 .debug_macro   0x00000000     0x1092 Delay/delay.o
 .debug_macro   0x00000000      0xc4a Delay/delay.o
 .debug_macro   0x00000000      0x6ba Delay/delay.o
 .debug_macro   0x00000000     0x1b3d Delay/delay.o
 .debug_macro   0x00000000     0x143c Delay/delay.o
 .debug_macro   0x00000000      0x340 Delay/delay.o
 .debug_macro   0x00000000       0x7c Delay/delay.o
 .debug_macro   0x00000000       0xa0 Delay/delay.o
 .debug_macro   0x00000000       0x4c Delay/delay.o
 .debug_macro   0x00000000       0xca Delay/delay.o
 .debug_macro   0x00000000       0x94 Delay/delay.o
 .debug_macro   0x00000000       0x58 Delay/delay.o
 .debug_macro   0x00000000      0x341 Delay/delay.o
 .debug_macro   0x00000000       0x82 Delay/delay.o
 .debug_macro   0x00000000      0x189 Delay/delay.o
 .debug_macro   0x00000000       0xb8 Delay/delay.o
 .debug_macro   0x00000000       0xa0 Delay/delay.o
 .debug_macro   0x00000000       0xb2 Delay/delay.o
 .debug_macro   0x00000000       0x1c Delay/delay.o
 .debug_macro   0x00000000       0x1c Delay/delay.o
 .debug_macro   0x00000000       0x1c Delay/delay.o
 .debug_macro   0x00000000       0x7c Delay/delay.o
 .debug_macro   0x00000000      0x15a Delay/delay.o
 .debug_macro   0x00000000       0x10 Delay/delay.o
 .debug_macro   0x00000000       0xdc Delay/delay.o
 .debug_macro   0x00000000      0x124 Delay/delay.o
 .debug_macro   0x00000000      0x124 Delay/delay.o
 .debug_macro   0x00000000      0x124 Delay/delay.o
 .debug_macro   0x00000000      0x124 Delay/delay.o
 .debug_macro   0x00000000      0x124 Delay/delay.o
 .debug_macro   0x00000000      0x124 Delay/delay.o
 .debug_macro   0x00000000      0x124 Delay/delay.o
 .debug_macro   0x00000000       0xe2 Delay/delay.o
 .debug_macro   0x00000000       0xe2 Delay/delay.o
 .debug_macro   0x00000000       0xe2 Delay/delay.o
 .debug_macro   0x00000000       0xe2 Delay/delay.o
 .debug_macro   0x00000000       0xe2 Delay/delay.o
 .debug_macro   0x00000000      0x12a Delay/delay.o
 .debug_macro   0x00000000      0x100 Delay/delay.o
 .debug_macro   0x00000000       0xf4 Delay/delay.o
 .debug_macro   0x00000000      0x40f Delay/delay.o
 .debug_macro   0x00000000       0x40 Delay/delay.o
 .debug_macro   0x00000000      0x392 Delay/delay.o
 .debug_macro   0x00000000     0x1fb0 Delay/delay.o
 .debug_macro   0x00000000       0x6d Delay/delay.o
 .group         0x00000000        0x8 Device_Startup/startup_samd21.o
 .group         0x00000000        0x8 Device_Startup/startup_samd21.o
 .group         0x00000000        0x8 Device_Startup/startup_samd21.o
 .group         0x00000000        0x8 Device_Startup/startup_samd21.o
 .group         0x00000000        0x8 Device_Startup/startup_samd21.o
 .group         0x00000000        0x8 Device_Startup/startup_samd21.o
 .group         0x00000000        0x8 Device_Startup/startup_samd21.o
 .group         0x00000000        0x8 Device_Startup/startup_samd21.o
 .group         0x00000000        0x8 Device_Startup/startup_samd21.o
 .group         0x00000000        0x8 Device_Startup/startup_samd21.o
 .group         0x00000000        0x8 Device_Startup/startup_samd21.o
 .group         0x00000000        0x8 Device_Startup/startup_samd21.o
 .group         0x00000000        0x8 Device_Startup/startup_samd21.o
 .group         0x00000000        0x8 Device_Startup/startup_samd21.o
 .group         0x00000000        0x8 Device_Startup/startup_samd21.o
 .group         0x00000000        0x8 Device_Startup/startup_samd21.o
 .group         0x00000000        0x8 Device_Startup/startup_samd21.o
 .group         0x00000000        0x8 Device_Startup/startup_samd21.o
 .group         0x00000000        0x8 Device_Startup/startup_samd21.o
 .group         0x00000000        0x8 Device_Startup/startup_samd21.o
 .group         0x00000000        0x8 Device_Startup/startup_samd21.o
 .group         0x00000000        0x8 Device_Startup/startup_samd21.o
 .group         0x00000000        0x8 Device_Startup/startup_samd21.o
 .group         0x00000000        0x8 Device_Startup/startup_samd21.o
 .group         0x00000000        0x8 Device_Startup/startup_samd21.o
 .group         0x00000000        0x8 Device_Startup/startup_samd21.o
 .group         0x00000000        0x8 Device_Startup/startup_samd21.o
 .group         0x00000000        0x8 Device_Startup/startup_samd21.o
 .group         0x00000000        0x8 Device_Startup/startup_samd21.o
 .group         0x00000000        0x8 Device_Startup/startup_samd21.o
 .group         0x00000000        0x8 Device_Startup/startup_samd21.o
 .group         0x00000000        0x8 Device_Startup/startup_samd21.o
 .group         0x00000000        0x8 Device_Startup/startup_samd21.o
 .group         0x00000000        0x8 Device_Startup/startup_samd21.o
 .group         0x00000000        0x8 Device_Startup/startup_samd21.o
 .group         0x00000000        0x8 Device_Startup/startup_samd21.o
 .group         0x00000000        0x8 Device_Startup/startup_samd21.o
 .group         0x00000000        0x8 Device_Startup/startup_samd21.o
 .group         0x00000000        0x8 Device_Startup/startup_samd21.o
 .group         0x00000000        0x8 Device_Startup/startup_samd21.o
 .group         0x00000000        0x8 Device_Startup/startup_samd21.o
 .group         0x00000000        0x8 Device_Startup/startup_samd21.o
 .group         0x00000000        0x8 Device_Startup/startup_samd21.o
 .group         0x00000000        0x8 Device_Startup/startup_samd21.o
 .group         0x00000000        0x8 Device_Startup/startup_samd21.o
 .group         0x00000000        0x8 Device_Startup/startup_samd21.o
 .group         0x00000000        0x8 Device_Startup/startup_samd21.o
 .group         0x00000000        0x8 Device_Startup/startup_samd21.o
 .group         0x00000000        0x8 Device_Startup/startup_samd21.o
 .group         0x00000000        0x8 Device_Startup/startup_samd21.o
 .group         0x00000000        0x8 Device_Startup/startup_samd21.o
 .group         0x00000000        0x8 Device_Startup/startup_samd21.o
 .group         0x00000000        0x8 Device_Startup/startup_samd21.o
 .group         0x00000000        0x8 Device_Startup/startup_samd21.o
 .group         0x00000000        0x8 Device_Startup/startup_samd21.o
 .group         0x00000000        0x8 Device_Startup/startup_samd21.o
 .group         0x00000000        0x8 Device_Startup/startup_samd21.o
 .group         0x00000000        0x8 Device_Startup/startup_samd21.o
 .group         0x00000000        0x8 Device_Startup/startup_samd21.o
 .group         0x00000000        0x8 Device_Startup/startup_samd21.o
 .group         0x00000000        0x8 Device_Startup/startup_samd21.o
 .group         0x00000000        0x8 Device_Startup/startup_samd21.o
 .group         0x00000000        0x8 Device_Startup/startup_samd21.o
 .group         0x00000000        0x8 Device_Startup/startup_samd21.o
 .group         0x00000000        0x8 Device_Startup/startup_samd21.o
 .group         0x00000000        0x8 Device_Startup/startup_samd21.o
 .group         0x00000000        0x8 Device_Startup/startup_samd21.o
 .group         0x00000000        0x8 Device_Startup/startup_samd21.o
 .group         0x00000000        0x8 Device_Startup/startup_samd21.o
 .group         0x00000000        0x8 Device_Startup/startup_samd21.o
 .group         0x00000000        0x8 Device_Startup/startup_samd21.o
 .group         0x00000000        0x8 Device_Startup/startup_samd21.o
 .text          0x00000000        0x0 Device_Startup/startup_samd21.o
 .data          0x00000000        0x0 Device_Startup/startup_samd21.o
 .bss           0x00000000        0x0 Device_Startup/startup_samd21.o
 .debug_macro   0x00000000      0x8a4 Device_Startup/startup_samd21.o
 .debug_macro   0x00000000       0x22 Device_Startup/startup_samd21.o
 .debug_macro   0x00000000       0x87 Device_Startup/startup_samd21.o
 .debug_macro   0x00000000       0x51 Device_Startup/startup_samd21.o
 .debug_macro   0x00000000       0xef Device_Startup/startup_samd21.o
 .debug_macro   0x00000000       0x6a Device_Startup/startup_samd21.o
 .debug_macro   0x00000000      0x1df Device_Startup/startup_samd21.o
 .debug_macro   0x00000000       0x39 Device_Startup/startup_samd21.o
 .debug_macro   0x00000000       0x3a Device_Startup/startup_samd21.o
 .debug_macro   0x00000000       0x1f Device_Startup/startup_samd21.o
 .debug_macro   0x00000000      0x250 Device_Startup/startup_samd21.o
 .debug_macro   0x00000000      0x67e Device_Startup/startup_samd21.o
 .debug_macro   0x00000000      0x8b1 Device_Startup/startup_samd21.o
 .debug_macro   0x00000000      0x22e Device_Startup/startup_samd21.o
 .debug_macro   0x00000000      0xd5c Device_Startup/startup_samd21.o
 .debug_macro   0x00000000      0x4dc Device_Startup/startup_samd21.o
 .debug_macro   0x00000000      0x9f6 Device_Startup/startup_samd21.o
 .debug_macro   0x00000000      0x82b Device_Startup/startup_samd21.o
 .debug_macro   0x00000000      0x45f Device_Startup/startup_samd21.o
 .debug_macro   0x00000000       0x5e Device_Startup/startup_samd21.o
 .debug_macro   0x00000000      0x8f9 Device_Startup/startup_samd21.o
 .debug_macro   0x00000000      0x21c Device_Startup/startup_samd21.o
 .debug_macro   0x00000000      0x735 Device_Startup/startup_samd21.o
 .debug_macro   0x00000000       0x5e Device_Startup/startup_samd21.o
 .debug_macro   0x00000000      0x632 Device_Startup/startup_samd21.o
 .debug_macro   0x00000000      0x3ac Device_Startup/startup_samd21.o
 .debug_macro   0x00000000      0xc76 Device_Startup/startup_samd21.o
 .debug_macro   0x00000000     0x1092 Device_Startup/startup_samd21.o
 .debug_macro   0x00000000      0xc4a Device_Startup/startup_samd21.o
 .debug_macro   0x00000000      0x6ba Device_Startup/startup_samd21.o
 .debug_macro   0x00000000     0x1b3d Device_Startup/startup_samd21.o
 .debug_macro   0x00000000     0x143c Device_Startup/startup_samd21.o
 .debug_macro   0x00000000      0x340 Device_Startup/startup_samd21.o
 .debug_macro   0x00000000       0x7c Device_Startup/startup_samd21.o
 .debug_macro   0x00000000       0xa0 Device_Startup/startup_samd21.o
 .debug_macro   0x00000000       0x4c Device_Startup/startup_samd21.o
 .debug_macro   0x00000000       0xca Device_Startup/startup_samd21.o
 .debug_macro   0x00000000       0x94 Device_Startup/startup_samd21.o
 .debug_macro   0x00000000       0x58 Device_Startup/startup_samd21.o
 .debug_macro   0x00000000      0x341 Device_Startup/startup_samd21.o
 .debug_macro   0x00000000       0x82 Device_Startup/startup_samd21.o
 .debug_macro   0x00000000      0x189 Device_Startup/startup_samd21.o
 .debug_macro   0x00000000       0xb8 Device_Startup/startup_samd21.o
 .debug_macro   0x00000000       0xa0 Device_Startup/startup_samd21.o
 .debug_macro   0x00000000       0xb2 Device_Startup/startup_samd21.o
 .debug_macro   0x00000000       0x1c Device_Startup/startup_samd21.o
 .debug_macro   0x00000000       0x1c Device_Startup/startup_samd21.o
 .debug_macro   0x00000000       0x1c Device_Startup/startup_samd21.o
 .debug_macro   0x00000000       0x7c Device_Startup/startup_samd21.o
 .debug_macro   0x00000000      0x15a Device_Startup/startup_samd21.o
 .debug_macro   0x00000000       0x10 Device_Startup/startup_samd21.o
 .debug_macro   0x00000000       0xdc Device_Startup/startup_samd21.o
 .debug_macro   0x00000000      0x124 Device_Startup/startup_samd21.o
 .debug_macro   0x00000000      0x124 Device_Startup/startup_samd21.o
 .debug_macro   0x00000000      0x124 Device_Startup/startup_samd21.o
 .debug_macro   0x00000000      0x124 Device_Startup/startup_samd21.o
 .debug_macro   0x00000000      0x124 Device_Startup/startup_samd21.o
 .debug_macro   0x00000000      0x124 Device_Startup/startup_samd21.o
 .debug_macro   0x00000000      0x124 Device_Startup/startup_samd21.o
 .debug_macro   0x00000000       0xe2 Device_Startup/startup_samd21.o
 .debug_macro   0x00000000       0xe2 Device_Startup/startup_samd21.o
 .debug_macro   0x00000000       0xe2 Device_Startup/startup_samd21.o
 .debug_macro   0x00000000       0xe2 Device_Startup/startup_samd21.o
 .debug_macro   0x00000000       0xe2 Device_Startup/startup_samd21.o
 .debug_macro   0x00000000      0x12a Device_Startup/startup_samd21.o
 .debug_macro   0x00000000      0x100 Device_Startup/startup_samd21.o
 .debug_macro   0x00000000       0xf4 Device_Startup/startup_samd21.o
 .debug_macro   0x00000000      0x40f Device_Startup/startup_samd21.o
 .debug_macro   0x00000000       0x40 Device_Startup/startup_samd21.o
 .debug_macro   0x00000000      0x392 Device_Startup/startup_samd21.o
 .debug_macro   0x00000000     0x1fb0 Device_Startup/startup_samd21.o
 .debug_macro   0x00000000       0x6d Device_Startup/startup_samd21.o
 .group         0x00000000        0x8 Device_Startup/system_samd21.o
 .group         0x00000000        0x8 Device_Startup/system_samd21.o
 .group         0x00000000        0x8 Device_Startup/system_samd21.o
 .group         0x00000000        0x8 Device_Startup/system_samd21.o
 .group         0x00000000        0x8 Device_Startup/system_samd21.o
 .group         0x00000000        0x8 Device_Startup/system_samd21.o
 .group         0x00000000        0x8 Device_Startup/system_samd21.o
 .group         0x00000000        0x8 Device_Startup/system_samd21.o
 .group         0x00000000        0x8 Device_Startup/system_samd21.o
 .group         0x00000000        0x8 Device_Startup/system_samd21.o
 .group         0x00000000        0x8 Device_Startup/system_samd21.o
 .group         0x00000000        0x8 Device_Startup/system_samd21.o
 .group         0x00000000        0x8 Device_Startup/system_samd21.o
 .group         0x00000000        0x8 Device_Startup/system_samd21.o
 .group         0x00000000        0x8 Device_Startup/system_samd21.o
 .group         0x00000000        0x8 Device_Startup/system_samd21.o
 .group         0x00000000        0x8 Device_Startup/system_samd21.o
 .group         0x00000000        0x8 Device_Startup/system_samd21.o
 .group         0x00000000        0x8 Device_Startup/system_samd21.o
 .group         0x00000000        0x8 Device_Startup/system_samd21.o
 .group         0x00000000        0x8 Device_Startup/system_samd21.o
 .group         0x00000000        0x8 Device_Startup/system_samd21.o
 .group         0x00000000        0x8 Device_Startup/system_samd21.o
 .group         0x00000000        0x8 Device_Startup/system_samd21.o
 .group         0x00000000        0x8 Device_Startup/system_samd21.o
 .group         0x00000000        0x8 Device_Startup/system_samd21.o
 .group         0x00000000        0x8 Device_Startup/system_samd21.o
 .group         0x00000000        0x8 Device_Startup/system_samd21.o
 .group         0x00000000        0x8 Device_Startup/system_samd21.o
 .group         0x00000000        0x8 Device_Startup/system_samd21.o
 .group         0x00000000        0x8 Device_Startup/system_samd21.o
 .group         0x00000000        0x8 Device_Startup/system_samd21.o
 .group         0x00000000        0x8 Device_Startup/system_samd21.o
 .group         0x00000000        0x8 Device_Startup/system_samd21.o
 .group         0x00000000        0x8 Device_Startup/system_samd21.o
 .group         0x00000000        0x8 Device_Startup/system_samd21.o
 .group         0x00000000        0x8 Device_Startup/system_samd21.o
 .group         0x00000000        0x8 Device_Startup/system_samd21.o
 .group         0x00000000        0x8 Device_Startup/system_samd21.o
 .group         0x00000000        0x8 Device_Startup/system_samd21.o
 .group         0x00000000        0x8 Device_Startup/system_samd21.o
 .group         0x00000000        0x8 Device_Startup/system_samd21.o
 .group         0x00000000        0x8 Device_Startup/system_samd21.o
 .group         0x00000000        0x8 Device_Startup/system_samd21.o
 .group         0x00000000        0x8 Device_Startup/system_samd21.o
 .group         0x00000000        0x8 Device_Startup/system_samd21.o
 .group         0x00000000        0x8 Device_Startup/system_samd21.o
 .group         0x00000000        0x8 Device_Startup/system_samd21.o
 .group         0x00000000        0x8 Device_Startup/system_samd21.o
 .group         0x00000000        0x8 Device_Startup/system_samd21.o
 .group         0x00000000        0x8 Device_Startup/system_samd21.o
 .group         0x00000000        0x8 Device_Startup/system_samd21.o
 .group         0x00000000        0x8 Device_Startup/system_samd21.o
 .group         0x00000000        0x8 Device_Startup/system_samd21.o
 .group         0x00000000        0x8 Device_Startup/system_samd21.o
 .group         0x00000000        0x8 Device_Startup/system_samd21.o
 .group         0x00000000        0x8 Device_Startup/system_samd21.o
 .group         0x00000000        0x8 Device_Startup/system_samd21.o
 .group         0x00000000        0x8 Device_Startup/system_samd21.o
 .group         0x00000000        0x8 Device_Startup/system_samd21.o
 .group         0x00000000        0x8 Device_Startup/system_samd21.o
 .group         0x00000000        0x8 Device_Startup/system_samd21.o
 .group         0x00000000        0x8 Device_Startup/system_samd21.o
 .group         0x00000000        0x8 Device_Startup/system_samd21.o
 .group         0x00000000        0x8 Device_Startup/system_samd21.o
 .group         0x00000000        0x8 Device_Startup/system_samd21.o
 .group         0x00000000        0x8 Device_Startup/system_samd21.o
 .group         0x00000000        0x8 Device_Startup/system_samd21.o
 .group         0x00000000        0x8 Device_Startup/system_samd21.o
 .group         0x00000000        0x8 Device_Startup/system_samd21.o
 .group         0x00000000        0x8 Device_Startup/system_samd21.o
 .group         0x00000000        0x8 Device_Startup/system_samd21.o
 .text          0x00000000        0x0 Device_Startup/system_samd21.o
 .data          0x00000000        0x0 Device_Startup/system_samd21.o
 .bss           0x00000000        0x0 Device_Startup/system_samd21.o
 .text.SystemInit
                0x00000000       0x10 Device_Startup/system_samd21.o
 .text.SystemCoreClockUpdate
                0x00000000       0x10 Device_Startup/system_samd21.o
 .debug_macro   0x00000000      0x8a4 Device_Startup/system_samd21.o
 .debug_macro   0x00000000       0x22 Device_Startup/system_samd21.o
 .debug_macro   0x00000000       0x87 Device_Startup/system_samd21.o
 .debug_macro   0x00000000       0x51 Device_Startup/system_samd21.o
 .debug_macro   0x00000000       0xef Device_Startup/system_samd21.o
 .debug_macro   0x00000000       0x6a Device_Startup/system_samd21.o
 .debug_macro   0x00000000      0x1df Device_Startup/system_samd21.o
 .debug_macro   0x00000000       0x39 Device_Startup/system_samd21.o
 .debug_macro   0x00000000       0x3a Device_Startup/system_samd21.o
 .debug_macro   0x00000000       0x1f Device_Startup/system_samd21.o
 .debug_macro   0x00000000      0x250 Device_Startup/system_samd21.o
 .debug_macro   0x00000000      0x67e Device_Startup/system_samd21.o
 .debug_macro   0x00000000      0x8b1 Device_Startup/system_samd21.o
 .debug_macro   0x00000000      0x22e Device_Startup/system_samd21.o
 .debug_macro   0x00000000      0xd5c Device_Startup/system_samd21.o
 .debug_macro   0x00000000      0x4dc Device_Startup/system_samd21.o
 .debug_macro   0x00000000      0x9f6 Device_Startup/system_samd21.o
 .debug_macro   0x00000000      0x82b Device_Startup/system_samd21.o
 .debug_macro   0x00000000      0x45f Device_Startup/system_samd21.o
 .debug_macro   0x00000000       0x5e Device_Startup/system_samd21.o
 .debug_macro   0x00000000      0x8f9 Device_Startup/system_samd21.o
 .debug_macro   0x00000000      0x21c Device_Startup/system_samd21.o
 .debug_macro   0x00000000      0x735 Device_Startup/system_samd21.o
 .debug_macro   0x00000000       0x5e Device_Startup/system_samd21.o
 .debug_macro   0x00000000      0x632 Device_Startup/system_samd21.o
 .debug_macro   0x00000000      0x3ac Device_Startup/system_samd21.o
 .debug_macro   0x00000000      0xc76 Device_Startup/system_samd21.o
 .debug_macro   0x00000000     0x1092 Device_Startup/system_samd21.o
 .debug_macro   0x00000000      0xc4a Device_Startup/system_samd21.o
 .debug_macro   0x00000000      0x6ba Device_Startup/system_samd21.o
 .debug_macro   0x00000000     0x1b3d Device_Startup/system_samd21.o
 .debug_macro   0x00000000     0x143c Device_Startup/system_samd21.o
 .debug_macro   0x00000000      0x340 Device_Startup/system_samd21.o
 .debug_macro   0x00000000       0x7c Device_Startup/system_samd21.o
 .debug_macro   0x00000000       0xa0 Device_Startup/system_samd21.o
 .debug_macro   0x00000000       0x4c Device_Startup/system_samd21.o
 .debug_macro   0x00000000       0xca Device_Startup/system_samd21.o
 .debug_macro   0x00000000       0x94 Device_Startup/system_samd21.o
 .debug_macro   0x00000000       0x58 Device_Startup/system_samd21.o
 .debug_macro   0x00000000      0x341 Device_Startup/system_samd21.o
 .debug_macro   0x00000000       0x82 Device_Startup/system_samd21.o
 .debug_macro   0x00000000      0x189 Device_Startup/system_samd21.o
 .debug_macro   0x00000000       0xb8 Device_Startup/system_samd21.o
 .debug_macro   0x00000000       0xa0 Device_Startup/system_samd21.o
 .debug_macro   0x00000000       0xb2 Device_Startup/system_samd21.o
 .debug_macro   0x00000000       0x1c Device_Startup/system_samd21.o
 .debug_macro   0x00000000       0x1c Device_Startup/system_samd21.o
 .debug_macro   0x00000000       0x1c Device_Startup/system_samd21.o
 .debug_macro   0x00000000       0x7c Device_Startup/system_samd21.o
 .debug_macro   0x00000000      0x15a Device_Startup/system_samd21.o
 .debug_macro   0x00000000       0x10 Device_Startup/system_samd21.o
 .debug_macro   0x00000000       0xdc Device_Startup/system_samd21.o
 .debug_macro   0x00000000      0x124 Device_Startup/system_samd21.o
 .debug_macro   0x00000000      0x124 Device_Startup/system_samd21.o
 .debug_macro   0x00000000      0x124 Device_Startup/system_samd21.o
 .debug_macro   0x00000000      0x124 Device_Startup/system_samd21.o
 .debug_macro   0x00000000      0x124 Device_Startup/system_samd21.o
 .debug_macro   0x00000000      0x124 Device_Startup/system_samd21.o
 .debug_macro   0x00000000      0x124 Device_Startup/system_samd21.o
 .debug_macro   0x00000000       0xe2 Device_Startup/system_samd21.o
 .debug_macro   0x00000000       0xe2 Device_Startup/system_samd21.o
 .debug_macro   0x00000000       0xe2 Device_Startup/system_samd21.o
 .debug_macro   0x00000000       0xe2 Device_Startup/system_samd21.o
 .debug_macro   0x00000000       0xe2 Device_Startup/system_samd21.o
 .debug_macro   0x00000000      0x12a Device_Startup/system_samd21.o
 .debug_macro   0x00000000      0x100 Device_Startup/system_samd21.o
 .debug_macro   0x00000000       0xf4 Device_Startup/system_samd21.o
 .debug_macro   0x00000000      0x40f Device_Startup/system_samd21.o
 .debug_macro   0x00000000       0x40 Device_Startup/system_samd21.o
 .debug_macro   0x00000000      0x392 Device_Startup/system_samd21.o
 .debug_macro   0x00000000     0x1fb0 Device_Startup/system_samd21.o
 .debug_macro   0x00000000       0x6d Device_Startup/system_samd21.o
 .group         0x00000000        0x8 main.o
 .group         0x00000000        0x8 main.o
 .group         0x00000000        0x8 main.o
 .group         0x00000000        0x8 main.o
 .group         0x00000000        0x8 main.o
 .group         0x00000000        0x8 main.o
 .group         0x00000000        0x8 main.o
 .group         0x00000000        0x8 main.o
 .group         0x00000000        0x8 main.o
 .group         0x00000000        0x8 main.o
 .group         0x00000000        0x8 main.o
 .group         0x00000000        0x8 main.o
 .group         0x00000000        0x8 main.o
 .group         0x00000000        0x8 main.o
 .group         0x00000000        0x8 main.o
 .group         0x00000000        0x8 main.o
 .group         0x00000000        0x8 main.o
 .group         0x00000000        0x8 main.o
 .group         0x00000000        0x8 main.o
 .group         0x00000000        0x8 main.o
 .group         0x00000000        0x8 main.o
 .group         0x00000000        0x8 main.o
 .group         0x00000000        0x8 main.o
 .group         0x00000000        0x8 main.o
 .group         0x00000000        0x8 main.o
 .group         0x00000000        0x8 main.o
 .group         0x00000000        0x8 main.o
 .group         0x00000000        0x8 main.o
 .group         0x00000000        0x8 main.o
 .group         0x00000000        0x8 main.o
 .group         0x00000000        0x8 main.o
 .group         0x00000000        0x8 main.o
 .group         0x00000000        0x8 main.o
 .group         0x00000000        0x8 main.o
 .group         0x00000000        0x8 main.o
 .group         0x00000000        0x8 main.o
 .group         0x00000000        0x8 main.o
 .group         0x00000000        0x8 main.o
 .group         0x00000000        0x8 main.o
 .group         0x00000000        0x8 main.o
 .group         0x00000000        0x8 main.o
 .group         0x00000000        0x8 main.o
 .group         0x00000000        0x8 main.o
 .group         0x00000000        0x8 main.o
 .group         0x00000000        0x8 main.o
 .group         0x00000000        0x8 main.o
 .group         0x00000000        0x8 main.o
 .group         0x00000000        0x8 main.o
 .group         0x00000000        0x8 main.o
 .group         0x00000000        0x8 main.o
 .group         0x00000000        0x8 main.o
 .group         0x00000000        0x8 main.o
 .group         0x00000000        0x8 main.o
 .group         0x00000000        0x8 main.o
 .group         0x00000000        0x8 main.o
 .group         0x00000000        0x8 main.o
 .group         0x00000000        0x8 main.o
 .group         0x00000000        0x8 main.o
 .group         0x00000000        0x8 main.o
 .group         0x00000000        0x8 main.o
 .group         0x00000000        0x8 main.o
 .group         0x00000000        0x8 main.o
 .group         0x00000000        0x8 main.o
 .group         0x00000000        0x8 main.o
 .group         0x00000000        0x8 main.o
 .group         0x00000000        0x8 main.o
 .group         0x00000000        0x8 main.o
 .group         0x00000000        0x8 main.o
 .group         0x00000000        0x8 main.o
 .group         0x00000000        0x8 main.o
 .group         0x00000000        0x8 main.o
 .group         0x00000000        0x8 main.o
 .group         0x00000000        0x8 main.o
 .text          0x00000000        0x0 main.o
 .data          0x00000000        0x0 main.o
 .bss           0x00000000        0x0 main.o
 .debug_macro   0x00000000      0x8a4 main.o
 .debug_macro   0x00000000       0x22 main.o
 .debug_macro   0x00000000       0x87 main.o
 .debug_macro   0x00000000       0x51 main.o
 .debug_macro   0x00000000       0xef main.o
 .debug_macro   0x00000000       0x6a main.o
 .debug_macro   0x00000000      0x1df main.o
 .debug_macro   0x00000000       0x39 main.o
 .debug_macro   0x00000000       0x3a main.o
 .debug_macro   0x00000000       0x1f main.o
 .debug_macro   0x00000000      0x250 main.o
 .debug_macro   0x00000000      0x67e main.o
 .debug_macro   0x00000000      0x8b1 main.o
 .debug_macro   0x00000000      0x22e main.o
 .debug_macro   0x00000000      0xd5c main.o
 .debug_macro   0x00000000      0x4dc main.o
 .debug_macro   0x00000000      0x9f6 main.o
 .debug_macro   0x00000000      0x82b main.o
 .debug_macro   0x00000000      0x45f main.o
 .debug_macro   0x00000000       0x5e main.o
 .debug_macro   0x00000000      0x8f9 main.o
 .debug_macro   0x00000000      0x21c main.o
 .debug_macro   0x00000000      0x735 main.o
 .debug_macro   0x00000000       0x5e main.o
 .debug_macro   0x00000000      0x632 main.o
 .debug_macro   0x00000000      0x3ac main.o
 .debug_macro   0x00000000      0xc76 main.o
 .debug_macro   0x00000000     0x1092 main.o
 .debug_macro   0x00000000      0xc4a main.o
 .debug_macro   0x00000000      0x6ba main.o
 .debug_macro   0x00000000     0x1b3d main.o
 .debug_macro   0x00000000     0x143c main.o
 .debug_macro   0x00000000      0x340 main.o
 .debug_macro   0x00000000       0x7c main.o
 .debug_macro   0x00000000       0xa0 main.o
 .debug_macro   0x00000000       0x4c main.o
 .debug_macro   0x00000000       0xca main.o
 .debug_macro   0x00000000       0x94 main.o
 .debug_macro   0x00000000       0x58 main.o
 .debug_macro   0x00000000      0x341 main.o
 .debug_macro   0x00000000       0x82 main.o
 .debug_macro   0x00000000      0x189 main.o
 .debug_macro   0x00000000       0xb8 main.o
 .debug_macro   0x00000000       0xa0 main.o
 .debug_macro   0x00000000       0xb2 main.o
 .debug_macro   0x00000000       0x1c main.o
 .debug_macro   0x00000000       0x1c main.o
 .debug_macro   0x00000000       0x1c main.o
 .debug_macro   0x00000000       0x7c main.o
 .debug_macro   0x00000000      0x15a main.o
 .debug_macro   0x00000000       0x10 main.o
 .debug_macro   0x00000000       0xdc main.o
 .debug_macro   0x00000000      0x124 main.o
 .debug_macro   0x00000000      0x124 main.o
 .debug_macro   0x00000000      0x124 main.o
 .debug_macro   0x00000000      0x124 main.o
 .debug_macro   0x00000000      0x124 main.o
 .debug_macro   0x00000000      0x124 main.o
 .debug_macro   0x00000000      0x124 main.o
 .debug_macro   0x00000000       0xe2 main.o
 .debug_macro   0x00000000       0xe2 main.o
 .debug_macro   0x00000000       0xe2 main.o
 .debug_macro   0x00000000       0xe2 main.o
 .debug_macro   0x00000000       0xe2 main.o
 .debug_macro   0x00000000      0x12a main.o
 .debug_macro   0x00000000      0x100 main.o
 .debug_macro   0x00000000       0xf4 main.o
 .debug_macro   0x00000000      0x40f main.o
 .debug_macro   0x00000000       0x40 main.o
 .debug_macro   0x00000000      0x392 main.o
 .debug_macro   0x00000000     0x1fb0 main.o
 .debug_macro   0x00000000       0x6d main.o
 .data          0x00000000        0x0 c:/program files (x86)/atmel/studio/7.0/toolchain/arm/arm-gnu-toolchain/bin/../lib/gcc/arm-none-eabi/6.3.1/thumb/v6-m\libgcc.a(_muldi3.o)
 .bss           0x00000000        0x0 c:/program files (x86)/atmel/studio/7.0/toolchain/arm/arm-gnu-toolchain/bin/../lib/gcc/arm-none-eabi/6.3.1/thumb/v6-m\libgcc.a(_muldi3.o)
 .text          0x00000000        0x0 c:/program files (x86)/atmel/studio/7.0/toolchain/arm/arm-gnu-toolchain/bin/../lib/gcc/arm-none-eabi/6.3.1/../../../../arm-none-eabi/lib/thumb/v6-m\libc.a(lib_a-exit.o)
 .data          0x00000000        0x0 c:/program files (x86)/atmel/studio/7.0/toolchain/arm/arm-gnu-toolchain/bin/../lib/gcc/arm-none-eabi/6.3.1/../../../../arm-none-eabi/lib/thumb/v6-m\libc.a(lib_a-exit.o)
 .bss           0x00000000        0x0 c:/program files (x86)/atmel/studio/7.0/toolchain/arm/arm-gnu-toolchain/bin/../lib/gcc/arm-none-eabi/6.3.1/../../../../arm-none-eabi/lib/thumb/v6-m\libc.a(lib_a-exit.o)
 .text.exit     0x00000000       0x20 c:/program files (x86)/atmel/studio/7.0/toolchain/arm/arm-gnu-toolchain/bin/../lib/gcc/arm-none-eabi/6.3.1/../../../../arm-none-eabi/lib/thumb/v6-m\libc.a(lib_a-exit.o)
 .debug_frame   0x00000000       0x28 c:/program files (x86)/atmel/studio/7.0/toolchain/arm/arm-gnu-toolchain/bin/../lib/gcc/arm-none-eabi/6.3.1/../../../../arm-none-eabi/lib/thumb/v6-m\libc.a(lib_a-exit.o)
 .ARM.attributes
                0x00000000       0x2c c:/program files (x86)/atmel/studio/7.0/toolchain/arm/arm-gnu-toolchain/bin/../lib/gcc/arm-none-eabi/6.3.1/../../../../arm-none-eabi/lib/thumb/v6-m\libc.a(lib_a-exit.o)
 .text          0x00000000        0x0 c:/program files (x86)/atmel/studio/7.0/toolchain/arm/arm-gnu-toolchain/bin/../lib/gcc/arm-none-eabi/6.3.1/../../../../arm-none-eabi/lib/thumb/v6-m\libc.a(lib_a-impure.o)
 .data          0x00000000        0x0 c:/program files (x86)/atmel/studio/7.0/toolchain/arm/arm-gnu-toolchain/bin/../lib/gcc/arm-none-eabi/6.3.1/../../../../arm-none-eabi/lib/thumb/v6-m\libc.a(lib_a-impure.o)
 .bss           0x00000000        0x0 c:/program files (x86)/atmel/studio/7.0/toolchain/arm/arm-gnu-toolchain/bin/../lib/gcc/arm-none-eabi/6.3.1/../../../../arm-none-eabi/lib/thumb/v6-m\libc.a(lib_a-impure.o)
 .data._impure_ptr
                0x00000000        0x4 c:/program files (x86)/atmel/studio/7.0/toolchain/arm/arm-gnu-toolchain/bin/../lib/gcc/arm-none-eabi/6.3.1/../../../../arm-none-eabi/lib/thumb/v6-m\libc.a(lib_a-impure.o)
 .text          0x00000000        0x0 c:/program files (x86)/atmel/studio/7.0/toolchain/arm/arm-gnu-toolchain/bin/../lib/gcc/arm-none-eabi/6.3.1/../../../../arm-none-eabi/lib/thumb/v6-m\libc.a(lib_a-init.o)
 .data          0x00000000        0x0 c:/program files (x86)/atmel/studio/7.0/toolchain/arm/arm-gnu-toolchain/bin/../lib/gcc/arm-none-eabi/6.3.1/../../../../arm-none-eabi/lib/thumb/v6-m\libc.a(lib_a-init.o)
 .bss           0x00000000        0x0 c:/program files (x86)/atmel/studio/7.0/toolchain/arm/arm-gnu-toolchain/bin/../lib/gcc/arm-none-eabi/6.3.1/../../../../arm-none-eabi/lib/thumb/v6-m\libc.a(lib_a-init.o)
 .text          0x00000000        0x0 c:/program files (x86)/atmel/studio/7.0/toolchain/arm/arm-gnu-toolchain/bin/../lib/gcc/arm-none-eabi/6.3.1/../../../../arm-none-eabi/lib/thumb/v6-m\libc.a(lib_a-memset.o)
 .data          0x00000000        0x0 c:/program files (x86)/atmel/studio/7.0/toolchain/arm/arm-gnu-toolchain/bin/../lib/gcc/arm-none-eabi/6.3.1/../../../../arm-none-eabi/lib/thumb/v6-m\libc.a(lib_a-memset.o)
 .bss           0x00000000        0x0 c:/program files (x86)/atmel/studio/7.0/toolchain/arm/arm-gnu-toolchain/bin/../lib/gcc/arm-none-eabi/6.3.1/../../../../arm-none-eabi/lib/thumb/v6-m\libc.a(lib_a-memset.o)
 .text.memset   0x00000000       0x94 c:/program files (x86)/atmel/studio/7.0/toolchain/arm/arm-gnu-toolchain/bin/../lib/gcc/arm-none-eabi/6.3.1/../../../../arm-none-eabi/lib/thumb/v6-m\libc.a(lib_a-memset.o)
 .debug_frame   0x00000000       0x30 c:/program files (x86)/atmel/studio/7.0/toolchain/arm/arm-gnu-toolchain/bin/../lib/gcc/arm-none-eabi/6.3.1/../../../../arm-none-eabi/lib/thumb/v6-m\libc.a(lib_a-memset.o)
 .ARM.attributes
                0x00000000       0x2c c:/program files (x86)/atmel/studio/7.0/toolchain/arm/arm-gnu-toolchain/bin/../lib/gcc/arm-none-eabi/6.3.1/../../../../arm-none-eabi/lib/thumb/v6-m\libc.a(lib_a-memset.o)
 .text          0x00000000        0x0 c:/program files (x86)/atmel/studio/7.0/toolchain/arm/arm-gnu-toolchain/bin/../lib/gcc/arm-none-eabi/6.3.1/../../../../arm-none-eabi/lib/thumb/v6-m\libc.a(lib_a-__call_atexit.o)
 .data          0x00000000        0x0 c:/program files (x86)/atmel/studio/7.0/toolchain/arm/arm-gnu-toolchain/bin/../lib/gcc/arm-none-eabi/6.3.1/../../../../arm-none-eabi/lib/thumb/v6-m\libc.a(lib_a-__call_atexit.o)
 .bss           0x00000000        0x0 c:/program files (x86)/atmel/studio/7.0/toolchain/arm/arm-gnu-toolchain/bin/../lib/gcc/arm-none-eabi/6.3.1/../../../../arm-none-eabi/lib/thumb/v6-m\libc.a(lib_a-__call_atexit.o)
 .text.__call_exitprocs
                0x00000000      0x110 c:/program files (x86)/atmel/studio/7.0/toolchain/arm/arm-gnu-toolchain/bin/../lib/gcc/arm-none-eabi/6.3.1/../../../../arm-none-eabi/lib/thumb/v6-m\libc.a(lib_a-__call_atexit.o)
 .text          0x00000000        0x0 c:/program files (x86)/atmel/studio/7.0/toolchain/arm/arm-gnu-toolchain/bin/../lib/gcc/arm-none-eabi/6.3.1/../../../../arm-none-eabi/lib/thumb/v6-m\libc.a(lib_a-atexit.o)
 .data          0x00000000        0x0 c:/program files (x86)/atmel/studio/7.0/toolchain/arm/arm-gnu-toolchain/bin/../lib/gcc/arm-none-eabi/6.3.1/../../../../arm-none-eabi/lib/thumb/v6-m\libc.a(lib_a-atexit.o)
 .bss           0x00000000        0x0 c:/program files (x86)/atmel/studio/7.0/toolchain/arm/arm-gnu-toolchain/bin/../lib/gcc/arm-none-eabi/6.3.1/../../../../arm-none-eabi/lib/thumb/v6-m\libc.a(lib_a-atexit.o)
 .text          0x00000000        0x0 c:/program files (x86)/atmel/studio/7.0/toolchain/arm/arm-gnu-toolchain/bin/../lib/gcc/arm-none-eabi/6.3.1/../../../../arm-none-eabi/lib/thumb/v6-m\libc.a(lib_a-fini.o)
 .data          0x00000000        0x0 c:/program files (x86)/atmel/studio/7.0/toolchain/arm/arm-gnu-toolchain/bin/../lib/gcc/arm-none-eabi/6.3.1/../../../../arm-none-eabi/lib/thumb/v6-m\libc.a(lib_a-fini.o)
 .bss           0x00000000        0x0 c:/program files (x86)/atmel/studio/7.0/toolchain/arm/arm-gnu-toolchain/bin/../lib/gcc/arm-none-eabi/6.3.1/../../../../arm-none-eabi/lib/thumb/v6-m\libc.a(lib_a-fini.o)
 .text          0x00000000        0x0 c:/program files (x86)/atmel/studio/7.0/toolchain/arm/arm-gnu-toolchain/bin/../lib/gcc/arm-none-eabi/6.3.1/../../../../arm-none-eabi/lib/thumb/v6-m\libc.a(lib_a-lock.o)
 .data          0x00000000        0x0 c:/program files (x86)/atmel/studio/7.0/toolchain/arm/arm-gnu-toolchain/bin/../lib/gcc/arm-none-eabi/6.3.1/../../../../arm-none-eabi/lib/thumb/v6-m\libc.a(lib_a-lock.o)
 .bss           0x00000000        0x0 c:/program files (x86)/atmel/studio/7.0/toolchain/arm/arm-gnu-toolchain/bin/../lib/gcc/arm-none-eabi/6.3.1/../../../../arm-none-eabi/lib/thumb/v6-m\libc.a(lib_a-lock.o)
 .text.__retarget_lock_init
                0x00000000        0x4 c:/program files (x86)/atmel/studio/7.0/toolchain/arm/arm-gnu-toolchain/bin/../lib/gcc/arm-none-eabi/6.3.1/../../../../arm-none-eabi/lib/thumb/v6-m\libc.a(lib_a-lock.o)
 .text.__retarget_lock_init_recursive
                0x00000000        0x4 c:/program files (x86)/atmel/studio/7.0/toolchain/arm/arm-gnu-toolchain/bin/../lib/gcc/arm-none-eabi/6.3.1/../../../../arm-none-eabi/lib/thumb/v6-m\libc.a(lib_a-lock.o)
 .text.__retarget_lock_close
                0x00000000        0x4 c:/program files (x86)/atmel/studio/7.0/toolchain/arm/arm-gnu-toolchain/bin/../lib/gcc/arm-none-eabi/6.3.1/../../../../arm-none-eabi/lib/thumb/v6-m\libc.a(lib_a-lock.o)
 .text.__retarget_lock_close_recursive
                0x00000000        0x4 c:/program files (x86)/atmel/studio/7.0/toolchain/arm/arm-gnu-toolchain/bin/../lib/gcc/arm-none-eabi/6.3.1/../../../../arm-none-eabi/lib/thumb/v6-m\libc.a(lib_a-lock.o)
 .text.__retarget_lock_acquire
                0x00000000        0x4 c:/program files (x86)/atmel/studio/7.0/toolchain/arm/arm-gnu-toolchain/bin/../lib/gcc/arm-none-eabi/6.3.1/../../../../arm-none-eabi/lib/thumb/v6-m\libc.a(lib_a-lock.o)
 .text.__retarget_lock_try_acquire
                0x00000000        0x4 c:/program files (x86)/atmel/studio/7.0/toolchain/arm/arm-gnu-toolchain/bin/../lib/gcc/arm-none-eabi/6.3.1/../../../../arm-none-eabi/lib/thumb/v6-m\libc.a(lib_a-lock.o)
 .text.__retarget_lock_try_acquire_recursive
                0x00000000        0x4 c:/program files (x86)/atmel/studio/7.0/toolchain/arm/arm-gnu-toolchain/bin/../lib/gcc/arm-none-eabi/6.3.1/../../../../arm-none-eabi/lib/thumb/v6-m\libc.a(lib_a-lock.o)
 .text.__retarget_lock_release
                0x00000000        0x4 c:/program files (x86)/atmel/studio/7.0/toolchain/arm/arm-gnu-toolchain/bin/../lib/gcc/arm-none-eabi/6.3.1/../../../../arm-none-eabi/lib/thumb/v6-m\libc.a(lib_a-lock.o)
 .text          0x00000000        0x0 c:/program files (x86)/atmel/studio/7.0/toolchain/arm/arm-gnu-toolchain/bin/../lib/gcc/arm-none-eabi/6.3.1/../../../../arm-none-eabi/lib/thumb/v6-m\libc.a(lib_a-__atexit.o)
 .data          0x00000000        0x0 c:/program files (x86)/atmel/studio/7.0/toolchain/arm/arm-gnu-toolchain/bin/../lib/gcc/arm-none-eabi/6.3.1/../../../../arm-none-eabi/lib/thumb/v6-m\libc.a(lib_a-__atexit.o)
 .bss           0x00000000        0x0 c:/program files (x86)/atmel/studio/7.0/toolchain/arm/arm-gnu-toolchain/bin/../lib/gcc/arm-none-eabi/6.3.1/../../../../arm-none-eabi/lib/thumb/v6-m\libc.a(lib_a-__atexit.o)
 .text          0x00000000        0x0 c:/program files (x86)/atmel/studio/7.0/toolchain/arm/arm-gnu-toolchain/bin/../lib/gcc/arm-none-eabi/6.3.1/thumb/v6-m/crtend.o
 .data          0x00000000        0x0 c:/program files (x86)/atmel/studio/7.0/toolchain/arm/arm-gnu-toolchain/bin/../lib/gcc/arm-none-eabi/6.3.1/thumb/v6-m/crtend.o
 .bss           0x00000000        0x0 c:/program files (x86)/atmel/studio/7.0/toolchain/arm/arm-gnu-toolchain/bin/../lib/gcc/arm-none-eabi/6.3.1/thumb/v6-m/crtend.o
 .eh_frame      0x00000000        0x4 c:/program files (x86)/atmel/studio/7.0/toolchain/arm/arm-gnu-toolchain/bin/../lib/gcc/arm-none-eabi/6.3.1/thumb/v6-m/crtend.o
 .jcr           0x00000000        0x4 c:/program files (x86)/atmel/studio/7.0/toolchain/arm/arm-gnu-toolchain/bin/../lib/gcc/arm-none-eabi/6.3.1/thumb/v6-m/crtend.o
 .ARM.attributes
                0x00000000       0x2c c:/program files (x86)/atmel/studio/7.0/toolchain/arm/arm-gnu-toolchain/bin/../lib/gcc/arm-none-eabi/6.3.1/thumb/v6-m/crtend.o
 .text          0x00000000        0x0 c:/program files (x86)/atmel/studio/7.0/toolchain/arm/arm-gnu-toolchain/bin/../lib/gcc/arm-none-eabi/6.3.1/thumb/v6-m/crtn.o
 .data          0x00000000        0x0 c:/program files (x86)/atmel/studio/7.0/toolchain/arm/arm-gnu-toolchain/bin/../lib/gcc/arm-none-eabi/6.3.1/thumb/v6-m/crtn.o
 .bss           0x00000000        0x0 c:/program files (x86)/atmel/studio/7.0/toolchain/arm/arm-gnu-toolchain/bin/../lib/gcc/arm-none-eabi/6.3.1/thumb/v6-m/crtn.o

Memory Configuration

Name             Origin             Length             Attributes
rom              0x00000000         0x00040000         xr
ram              0x20000000         0x00008000         xrw
*default*        0x00000000         0xffffffff

Linker script and memory map

LOAD c:/program files (x86)/atmel/studio/7.0/toolchain/arm/arm-gnu-toolchain/bin/../lib/gcc/arm-none-eabi/6.3.1/thumb/v6-m/crti.o
LOAD c:/program files (x86)/atmel/studio/7.0/toolchain/arm/arm-gnu-toolchain/bin/../lib/gcc/arm-none-eabi/6.3.1/thumb/v6-m/crtbegin.o
LOAD c:/program files (x86)/atmel/studio/7.0/toolchain/arm/arm-gnu-toolchain/bin/../lib/gcc/arm-none-eabi/6.3.1/../../../../arm-none-eabi/lib/thumb/v6-m/crt0.o
LOAD Clk/SetClk.o
LOAD Delay/delay.o
LOAD Device_Startup/startup_samd21.o
LOAD Device_Startup/system_samd21.o
LOAD main.o
START GROUP
LOAD c:/program files (x86)/atmel/studio/7.0/toolchain/arm/arm-gnu-toolchain/bin/../lib/gcc/arm-none-eabi/6.3.1/../../../../arm-none-eabi/lib/thumb/v6-m\libm.a
END GROUP
START GROUP
LOAD c:/program files (x86)/atmel/studio/7.0/toolchain/arm/arm-gnu-toolchain/bin/../lib/gcc/arm-none-eabi/6.3.1/thumb/v6-m\libgcc.a
LOAD c:/program files (x86)/atmel/studio/7.0/toolchain/arm/arm-gnu-toolchain/bin/../lib/gcc/arm-none-eabi/6.3.1/../../../../arm-none-eabi/lib/thumb/v6-m\libc.a
END GROUP
LOAD c:/program files (x86)/atmel/studio/7.0/toolchain/arm/arm-gnu-toolchain/bin/../lib/gcc/arm-none-eabi/6.3.1/thumb/v6-m/crtend.o
LOAD c:/program files (x86)/atmel/studio/7.0/toolchain/arm/arm-gnu-toolchain/bin/../lib/gcc/arm-none-eabi/6.3.1/thumb/v6-m/crtn.o
                0x00002000                STACK_SIZE = DEFINED (STACK_SIZE)?STACK_SIZE:DEFINED (__stack_size__)?__stack_size__:0x2000

.text           0x00000000      0x7c8
                0x00000000                . = ALIGN (0x4)
                0x00000000                _sfixed = .
 *(.vectors .vectors.*)
 .vectors       0x00000000       0xb4 Device_Startup/startup_samd21.o
                0x00000000                exception_table
 *(.text .text.* .gnu.linkonce.t.*)
 .text          0x000000b4       0x60 c:/program files (x86)/atmel/studio/7.0/toolchain/arm/arm-gnu-toolchain/bin/../lib/gcc/arm-none-eabi/6.3.1/thumb/v6-m/crtbegin.o
 .text.init_32KXTAL
                0x00000114       0x24 Clk/SetClk.o
                0x00000114                init_32KXTAL
 .text.init_generic_clocks
                0x00000138       0x1c Clk/SetClk.o
                0x00000138                init_generic_clocks
 .text.init_FDLL48
                0x00000154       0x38 Clk/SetClk.o
                0x00000154                init_FDLL48
 .text.init_generick_clock0
                0x0000018c       0x1c Clk/SetClk.o
                0x0000018c                init_generick_clock0
 .text.Set48MHzClk
                0x000001a8       0x5c Clk/SetClk.o
                0x000001a8                Set48MHzClk
 .text.TimingDelay_Decrement
                0x00000204       0x18 Delay/delay.o
                0x00000204                TimingDelay_Decrement
 .text.SysTick_Handler
                0x0000021c        0xc Delay/delay.o
                0x0000021c                SysTick_Handler
 .text.Dummy_Handler
                0x00000228        0x2 Device_Startup/startup_samd21.o
                0x00000228                SVCall_Handler
                0x00000228                DMAC_Handler
                0x00000228                HardFault_Handler
                0x00000228                AC_Handler
                0x00000228                PendSV_Handler
                0x00000228                TC7_Handler
                0x00000228                SERCOM1_Handler
                0x00000228                ADC_Handler
                0x00000228                NonMaskableInt_Handler
                0x00000228                TCC1_Handler
                0x00000228                SERCOM2_Handler
                0x00000228                TCC0_Handler
                0x00000228                RTC_Handler
                0x00000228                EIC_Handler
                0x00000228                TC6_Handler
                0x00000228                WDT_Handler
                0x00000228                TC4_Handler
                0x00000228                USB_Handler
                0x00000228                TC3_Handler
                0x00000228                Dummy_Handler
                0x00000228                PM_Handler
                0x00000228                SERCOM5_Handler
                0x00000228                TCC2_Handler
                0x00000228                EVSYS_Handler
                0x00000228                SERCOM4_Handler
                0x00000228                I2S_Handler
                0x00000228                NVMCTRL_Handler
                0x00000228                SERCOM0_Handler
                0x00000228                DAC_Handler
                0x00000228                PTC_Handler
                0x00000228                TC5_Handler
                0x00000228                SYSCTRL_Handler
 *fill*         0x0000022a        0x2 
 .text.Reset_Handler
                0x0000022c       0xc4 Device_Startup/startup_samd21.o
                0x0000022c                Reset_Handler
 .text.long_division
                0x000002f0       0xae main.o
 *fill*         0x0000039e        0x2 
 .text.SERCOM3_Handler
                0x000003a0       0x84 main.o
                0x000003a0                SERCOM3_Handler
 .text.calculate_baud_value
                0x00000424       0x38 main.o
                0x00000424                calculate_baud_value
 .text.UART_init
                0x0000045c       0x9c main.o
                0x0000045c                UART_init
 .text.USART_SendCh
                0x000004f8       0x34 main.o
                0x000004f8                USART_SendCh
 .text.USART_SendText
                0x0000052c       0x24 main.o
                0x0000052c                USART_SendText
 .text.main     0x00000550       0x38 main.o
                0x00000550                main
 .text          0x00000588       0x54 c:/program files (x86)/atmel/studio/7.0/toolchain/arm/arm-gnu-toolchain/bin/../lib/gcc/arm-none-eabi/6.3.1/thumb/v6-m\libgcc.a(_muldi3.o)
                0x00000588                __muldi3
                0x00000588                __aeabi_lmul
 .text.__libc_init_array
                0x000005dc       0x48 c:/program files (x86)/atmel/studio/7.0/toolchain/arm/arm-gnu-toolchain/bin/../lib/gcc/arm-none-eabi/6.3.1/../../../../arm-none-eabi/lib/thumb/v6-m\libc.a(lib_a-init.o)
                0x000005dc                __libc_init_array
 .text.startup.register_fini
                0x00000624       0x18 c:/program files (x86)/atmel/studio/7.0/toolchain/arm/arm-gnu-toolchain/bin/../lib/gcc/arm-none-eabi/6.3.1/../../../../arm-none-eabi/lib/thumb/v6-m\libc.a(lib_a-__call_atexit.o)
 .text.atexit   0x0000063c       0x10 c:/program files (x86)/atmel/studio/7.0/toolchain/arm/arm-gnu-toolchain/bin/../lib/gcc/arm-none-eabi/6.3.1/../../../../arm-none-eabi/lib/thumb/v6-m\libc.a(lib_a-atexit.o)
                0x0000063c                atexit
 .text.__libc_fini_array
                0x0000064c       0x34 c:/program files (x86)/atmel/studio/7.0/toolchain/arm/arm-gnu-toolchain/bin/../lib/gcc/arm-none-eabi/6.3.1/../../../../arm-none-eabi/lib/thumb/v6-m\libc.a(lib_a-fini.o)
                0x0000064c                __libc_fini_array
 .text.__retarget_lock_acquire_recursive
                0x00000680        0x4 c:/program files (x86)/atmel/studio/7.0/toolchain/arm/arm-gnu-toolchain/bin/../lib/gcc/arm-none-eabi/6.3.1/../../../../arm-none-eabi/lib/thumb/v6-m\libc.a(lib_a-lock.o)
                0x00000680                __retarget_lock_acquire_recursive
 .text.__retarget_lock_release_recursive
                0x00000684        0x4 c:/program files (x86)/atmel/studio/7.0/toolchain/arm/arm-gnu-toolchain/bin/../lib/gcc/arm-none-eabi/6.3.1/../../../../arm-none-eabi/lib/thumb/v6-m\libc.a(lib_a-lock.o)
                0x00000684                __retarget_lock_release_recursive
 .text.__register_exitproc
                0x00000688       0xf4 c:/program files (x86)/atmel/studio/7.0/toolchain/arm/arm-gnu-toolchain/bin/../lib/gcc/arm-none-eabi/6.3.1/../../../../arm-none-eabi/lib/thumb/v6-m\libc.a(lib_a-__atexit.o)
                0x00000688                __register_exitproc
 *(.glue_7t)
 .glue_7t       0x0000077c        0x0 linker stubs
 *(.glue_7)
 .glue_7        0x0000077c        0x0 linker stubs
 *(.rodata .rodata* .gnu.linkonce.r.*)
 .rodata.main.str1.4
                0x0000077c       0x24 main.o
                                 0x22 (size before relaxing)
 .rodata._global_impure_ptr
                0x000007a0        0x4 c:/program files (x86)/atmel/studio/7.0/toolchain/arm/arm-gnu-toolchain/bin/../lib/gcc/arm-none-eabi/6.3.1/../../../../arm-none-eabi/lib/thumb/v6-m\libc.a(lib_a-impure.o)
                0x000007a0                _global_impure_ptr
 *(.ARM.extab* .gnu.linkonce.armextab.*)
                0x000007a4                . = ALIGN (0x4)
 *(.init)
 .init          0x000007a4        0x4 c:/program files (x86)/atmel/studio/7.0/toolchain/arm/arm-gnu-toolchain/bin/../lib/gcc/arm-none-eabi/6.3.1/thumb/v6-m/crti.o
                0x000007a4                _init
 .init          0x000007a8        0x8 c:/program files (x86)/atmel/studio/7.0/toolchain/arm/arm-gnu-toolchain/bin/../lib/gcc/arm-none-eabi/6.3.1/thumb/v6-m/crtn.o
                0x000007b0                . = ALIGN (0x4)
                0x000007b0                __preinit_array_start = .
 *(.preinit_array)
                0x000007b0                __preinit_array_end = .
                0x000007b0                . = ALIGN (0x4)
                0x000007b0                __init_array_start = .
 *(SORT(.init_array.*))
 .init_array.00000
                0x000007b0        0x4 c:/program files (x86)/atmel/studio/7.0/toolchain/arm/arm-gnu-toolchain/bin/../lib/gcc/arm-none-eabi/6.3.1/../../../../arm-none-eabi/lib/thumb/v6-m\libc.a(lib_a-__call_atexit.o)
 *(.init_array)
 .init_array    0x000007b4        0x4 c:/program files (x86)/atmel/studio/7.0/toolchain/arm/arm-gnu-toolchain/bin/../lib/gcc/arm-none-eabi/6.3.1/thumb/v6-m/crtbegin.o
                0x000007b8                __init_array_end = .
                0x000007b8                . = ALIGN (0x4)
 *crtbegin.o(.ctors)
 *(EXCLUDE_FILE(*crtend.o) .ctors)
 *(SORT(.ctors.*))
 *crtend.o(.ctors)
                0x000007b8                . = ALIGN (0x4)
 *(.fini)
 .fini          0x000007b8        0x4 c:/program files (x86)/atmel/studio/7.0/toolchain/arm/arm-gnu-toolchain/bin/../lib/gcc/arm-none-eabi/6.3.1/thumb/v6-m/crti.o
                0x000007b8                _fini
 .fini          0x000007bc        0x8 c:/program files (x86)/atmel/studio/7.0/toolchain/arm/arm-gnu-toolchain/bin/../lib/gcc/arm-none-eabi/6.3.1/thumb/v6-m/crtn.o
                0x000007c4                . = ALIGN (0x4)
                0x000007c4                __fini_array_start = .
 *(.fini_array)
 .fini_array    0x000007c4        0x4 c:/program files (x86)/atmel/studio/7.0/toolchain/arm/arm-gnu-toolchain/bin/../lib/gcc/arm-none-eabi/6.3.1/thumb/v6-m/crtbegin.o
 *(SORT(.fini_array.*))
                0x000007c8                __fini_array_end = .
 *crtbegin.o(.dtors)
 *(EXCLUDE_FILE(*crtend.o) .dtors)
 *(SORT(.dtors.*))
 *crtend.o(.dtors)
                0x000007c8                . = ALIGN (0x4)
                0x000007c8                _efixed = .
                [!provide]                PROVIDE (__exidx_start, .)

.vfp11_veneer   0x000007c8        0x0
 .vfp11_veneer  0x000007c8        0x0 linker stubs

.v4_bx          0x000007c8        0x0
 .v4_bx         0x000007c8        0x0 linker stubs

.iplt           0x000007c8        0x0
 .iplt          0x000007c8        0x0 c:/program files (x86)/atmel/studio/7.0/toolchain/arm/arm-gnu-toolchain/bin/../lib/gcc/arm-none-eabi/6.3.1/thumb/v6-m/crtbegin.o

.eh_frame       0x000007c8        0x0
 .eh_frame      0x000007c8        0x0 c:/program files (x86)/atmel/studio/7.0/toolchain/arm/arm-gnu-toolchain/bin/../lib/gcc/arm-none-eabi/6.3.1/thumb/v6-m/crtbegin.o

.rel.dyn        0x000007c8        0x0
 .rel.iplt      0x000007c8        0x0 c:/program files (x86)/atmel/studio/7.0/toolchain/arm/arm-gnu-toolchain/bin/../lib/gcc/arm-none-eabi/6.3.1/thumb/v6-m/crtbegin.o

.jcr            0x000007c8        0x0
 .jcr           0x000007c8        0x0 c:/program files (x86)/atmel/studio/7.0/toolchain/arm/arm-gnu-toolchain/bin/../lib/gcc/arm-none-eabi/6.3.1/thumb/v6-m/crtbegin.o

.igot.plt       0x000007c8        0x0
 .igot.plt      0x000007c8        0x0 c:/program files (x86)/atmel/studio/7.0/toolchain/arm/arm-gnu-toolchain/bin/../lib/gcc/arm-none-eabi/6.3.1/thumb/v6-m/crtbegin.o

.ARM.exidx
 *(.ARM.exidx* .gnu.linkonce.armexidx.*)
                [!provide]                PROVIDE (__exidx_end, .)
                0x000007c8                . = ALIGN (0x4)
                0x000007c8                _etext = .

.relocate       0x20000000      0x434 load address 0x000007c8
                0x20000000                . = ALIGN (0x4)
                0x20000000                _srelocate = .
 *(.ramfunc .ramfunc.*)
 *(.data .data.*)
 .data.SystemCoreClock
                0x20000000        0x4 Device_Startup/system_samd21.o
                0x20000000                SystemCoreClock
 *fill*         0x20000004        0x4 
 .data.impure_data
                0x20000008      0x428 c:/program files (x86)/atmel/studio/7.0/toolchain/arm/arm-gnu-toolchain/bin/../lib/gcc/arm-none-eabi/6.3.1/../../../../arm-none-eabi/lib/thumb/v6-m\libc.a(lib_a-impure.o)
 .data.__atexit_recursive_mutex
                0x20000430        0x4 c:/program files (x86)/atmel/studio/7.0/toolchain/arm/arm-gnu-toolchain/bin/../lib/gcc/arm-none-eabi/6.3.1/../../../../arm-none-eabi/lib/thumb/v6-m\libc.a(lib_a-__call_atexit.o)
                0x20000430                __atexit_recursive_mutex
                0x20000434                . = ALIGN (0x4)
                0x20000434                _erelocate = .

.bss            0x20000434      0x250 load address 0x00000bfc
                0x20000434                . = ALIGN (0x4)
                0x20000434                _sbss = .
                0x20000434                _szero = .
 *(.bss .bss.*)
 .bss           0x20000434       0x1c c:/program files (x86)/atmel/studio/7.0/toolchain/arm/arm-gnu-toolchain/bin/../lib/gcc/arm-none-eabi/6.3.1/thumb/v6-m/crtbegin.o
 *(COMMON)
 COMMON         0x20000450        0x4 Delay/delay.o
                0x20000450                TimingDelay
 COMMON         0x20000454      0x209 main.o
                0x20000454                RxBufReadIndex
                0x20000455                TxBufferWriteIndex
                0x20000456                TxBufferCnt
                0x20000457                TxBufferReadIndex
                0x20000458                RxBufferCnt
                0x20000459                RxBufferWriteIndex
                0x2000045c                RxBuffer
                0x2000055c                TxBuffer
                0x2000065c                TxIntEn
 *fill*         0x2000065d        0x3 
 COMMON         0x20000660       0x21 c:/program files (x86)/atmel/studio/7.0/toolchain/arm/arm-gnu-toolchain/bin/../lib/gcc/arm-none-eabi/6.3.1/../../../../arm-none-eabi/lib/thumb/v6-m\libc.a(lib_a-lock.o)
                0x20000660                __lock___atexit_recursive_mutex
                0x20000664                __lock___arc4random_mutex
                0x20000668                __lock___env_recursive_mutex
                0x2000066c                __lock___sinit_recursive_mutex
                0x20000670                __lock___malloc_recursive_mutex
                0x20000674                __lock___at_quick_exit_mutex
                0x20000678                __lock___dd_hash_mutex
                0x2000067c                __lock___tz_mutex
                0x20000680                __lock___sfp_recursive_mutex
                0x20000684                . = ALIGN (0x4)
 *fill*         0x20000681        0x3 
                0x20000684                _ebss = .
                0x20000684                _ezero = .

.stack          0x20000684     0x2004 load address 0x00000e4c
                0x20000688                . = ALIGN (0x8)
 *fill*         0x20000684        0x4 
                0x20000688                _sstack = .
                0x20002688                . = (. + STACK_SIZE)
 *fill*         0x20000688     0x2000 
                0x20002688                . = ALIGN (0x8)
                0x20002688                _estack = .
                0x20002688                . = ALIGN (0x4)
                0x20002688                _end = .
OUTPUT(ARM-UART.elf elf32-littlearm)

.ARM.attributes
                0x00000000       0x28
 .ARM.attributes
                0x00000000       0x1e c:/program files (x86)/atmel/studio/7.0/toolchain/arm/arm-gnu-toolchain/bin/../lib/gcc/arm-none-eabi/6.3.1/thumb/v6-m/crti.o
 .ARM.attributes
                0x0000001e       0x2c c:/program files (x86)/atmel/studio/7.0/toolchain/arm/arm-gnu-toolchain/bin/../lib/gcc/arm-none-eabi/6.3.1/thumb/v6-m/crtbegin.o
 .ARM.attributes
                0x0000004a       0x32 Clk/SetClk.o
 .ARM.attributes
                0x0000007c       0x32 Delay/delay.o
 .ARM.attributes
                0x000000ae       0x32 Device_Startup/startup_samd21.o
 .ARM.attributes
                0x000000e0       0x32 Device_Startup/system_samd21.o
 .ARM.attributes
                0x00000112       0x32 main.o
 .ARM.attributes
                0x00000144       0x2c c:/program files (x86)/atmel/studio/7.0/toolchain/arm/arm-gnu-toolchain/bin/../lib/gcc/arm-none-eabi/6.3.1/thumb/v6-m\libgcc.a(_muldi3.o)
 .ARM.attributes
                0x00000170       0x2c c:/program files (x86)/atmel/studio/7.0/toolchain/arm/arm-gnu-toolchain/bin/../lib/gcc/arm-none-eabi/6.3.1/../../../../arm-none-eabi/lib/thumb/v6-m\libc.a(lib_a-impure.o)
 .ARM.attributes
                0x0000019c       0x2c c:/program files (x86)/atmel/studio/7.0/toolchain/arm/arm-gnu-toolchain/bin/../lib/gcc/arm-none-eabi/6.3.1/../../../../arm-none-eabi/lib/thumb/v6-m\libc.a(lib_a-init.o)
 .ARM.attributes
                0x000001c8       0x2c c:/program files (x86)/atmel/studio/7.0/toolchain/arm/arm-gnu-toolchain/bin/../lib/gcc/arm-none-eabi/6.3.1/../../../../arm-none-eabi/lib/thumb/v6-m\libc.a(lib_a-__call_atexit.o)
 .ARM.attributes
                0x000001f4       0x2c c:/program files (x86)/atmel/studio/7.0/toolchain/arm/arm-gnu-toolchain/bin/../lib/gcc/arm-none-eabi/6.3.1/../../../../arm-none-eabi/lib/thumb/v6-m\libc.a(lib_a-atexit.o)
 .ARM.attributes
                0x00000220       0x2c c:/program files (x86)/atmel/studio/7.0/toolchain/arm/arm-gnu-toolchain/bin/../lib/gcc/arm-none-eabi/6.3.1/../../../../arm-none-eabi/lib/thumb/v6-m\libc.a(lib_a-fini.o)
 .ARM.attributes
                0x0000024c       0x2c c:/program files (x86)/atmel/studio/7.0/toolchain/arm/arm-gnu-toolchain/bin/../lib/gcc/arm-none-eabi/6.3.1/../../../../arm-none-eabi/lib/thumb/v6-m\libc.a(lib_a-lock.o)
 .ARM.attributes
                0x00000278       0x2c c:/program files (x86)/atmel/studio/7.0/toolchain/arm/arm-gnu-toolchain/bin/../lib/gcc/arm-none-eabi/6.3.1/../../../../arm-none-eabi/lib/thumb/v6-m\libc.a(lib_a-__atexit.o)
 .ARM.attributes
                0x000002a4       0x1e c:/program files (x86)/atmel/studio/7.0/toolchain/arm/arm-gnu-toolchain/bin/../lib/gcc/arm-none-eabi/6.3.1/thumb/v6-m/crtn.o

.comment        0x00000000       0x59
 .comment       0x00000000       0x59 Clk/SetClk.o
                                 0x5a (size before relaxing)
 .comment       0x00000059       0x5a Delay/delay.o
 .comment       0x00000059       0x5a Device_Startup/startup_samd21.o
 .comment       0x00000059       0x5a Device_Startup/system_samd21.o
 .comment       0x00000059       0x5a main.o

.debug_info     0x00000000     0x85f3
 .debug_info    0x00000000     0x1c7a Clk/SetClk.o
 .debug_info    0x00001c7a       0xf6 Delay/delay.o
 .debug_info    0x00001d70     0x3a2c Device_Startup/startup_samd21.o
 .debug_info    0x0000579c       0xd5 Device_Startup/system_samd21.o
 .debug_info    0x00005871     0x2d82 main.o

.debug_abbrev   0x00000000      0x872
 .debug_abbrev  0x00000000      0x1fb Clk/SetClk.o
 .debug_abbrev  0x000001fb       0x9e Delay/delay.o
 .debug_abbrev  0x00000299      0x227 Device_Startup/startup_samd21.o
 .debug_abbrev  0x000004c0       0x72 Device_Startup/system_samd21.o
 .debug_abbrev  0x00000532      0x340 main.o

.debug_loc      0x00000000      0x472
 .debug_loc     0x00000000       0x5f Clk/SetClk.o
 .debug_loc     0x0000005f       0x20 Delay/delay.o
 .debug_loc     0x0000007f       0x78 Device_Startup/startup_samd21.o
 .debug_loc     0x000000f7      0x37b main.o

.debug_aranges  0x00000000      0x108
 .debug_aranges
                0x00000000       0x40 Clk/SetClk.o
 .debug_aranges
                0x00000040       0x28 Delay/delay.o
 .debug_aranges
                0x00000068       0x28 Device_Startup/startup_samd21.o
 .debug_aranges
                0x00000090       0x28 Device_Startup/system_samd21.o
 .debug_aranges
                0x000000b8       0x50 main.o

.debug_ranges   0x00000000       0xb8
 .debug_ranges  0x00000000       0x30 Clk/SetClk.o
 .debug_ranges  0x00000030       0x18 Delay/delay.o
 .debug_ranges  0x00000048       0x18 Device_Startup/startup_samd21.o
 .debug_ranges  0x00000060       0x18 Device_Startup/system_samd21.o
 .debug_ranges  0x00000078       0x40 main.o

.debug_macro    0x00000000    0x11df0
 .debug_macro   0x00000000      0x30d Clk/SetClk.o
 .debug_macro   0x0000030d      0x8a4 Clk/SetClk.o
 .debug_macro   0x00000bb1       0x22 Clk/SetClk.o
 .debug_macro   0x00000bd3       0x87 Clk/SetClk.o
 .debug_macro   0x00000c5a       0x51 Clk/SetClk.o
 .debug_macro   0x00000cab       0xef Clk/SetClk.o
 .debug_macro   0x00000d9a       0x6a Clk/SetClk.o
 .debug_macro   0x00000e04      0x1df Clk/SetClk.o
 .debug_macro   0x00000fe3       0x39 Clk/SetClk.o
 .debug_macro   0x0000101c       0x3a Clk/SetClk.o
 .debug_macro   0x00001056       0x1f Clk/SetClk.o
 .debug_macro   0x00001075      0x250 Clk/SetClk.o
 .debug_macro   0x000012c5      0x67e Clk/SetClk.o
 .debug_macro   0x00001943      0x8b1 Clk/SetClk.o
 .debug_macro   0x000021f4      0x22e Clk/SetClk.o
 .debug_macro   0x00002422      0xd5c Clk/SetClk.o
 .debug_macro   0x0000317e      0x4dc Clk/SetClk.o
 .debug_macro   0x0000365a      0x9f6 Clk/SetClk.o
 .debug_macro   0x00004050      0x82b Clk/SetClk.o
 .debug_macro   0x0000487b      0x45f Clk/SetClk.o
 .debug_macro   0x00004cda       0x5e Clk/SetClk.o
 .debug_macro   0x00004d38      0x8f9 Clk/SetClk.o
 .debug_macro   0x00005631      0x21c Clk/SetClk.o
 .debug_macro   0x0000584d      0x735 Clk/SetClk.o
 .debug_macro   0x00005f82       0x5e Clk/SetClk.o
 .debug_macro   0x00005fe0      0x632 Clk/SetClk.o
 .debug_macro   0x00006612      0x3ac Clk/SetClk.o
 .debug_macro   0x000069be      0xc76 Clk/SetClk.o
 .debug_macro   0x00007634     0x1092 Clk/SetClk.o
 .debug_macro   0x000086c6      0xc4a Clk/SetClk.o
 .debug_macro   0x00009310      0x6ba Clk/SetClk.o
 .debug_macro   0x000099ca     0x1b3d Clk/SetClk.o
 .debug_macro   0x0000b507     0x143c Clk/SetClk.o
 .debug_macro   0x0000c943      0x340 Clk/SetClk.o
 .debug_macro   0x0000cc83       0x7c Clk/SetClk.o
 .debug_macro   0x0000ccff       0xa0 Clk/SetClk.o
 .debug_macro   0x0000cd9f       0x4c Clk/SetClk.o
 .debug_macro   0x0000cdeb       0xca Clk/SetClk.o
 .debug_macro   0x0000ceb5       0x94 Clk/SetClk.o
 .debug_macro   0x0000cf49       0x58 Clk/SetClk.o
 .debug_macro   0x0000cfa1      0x341 Clk/SetClk.o
 .debug_macro   0x0000d2e2       0x82 Clk/SetClk.o
 .debug_macro   0x0000d364      0x189 Clk/SetClk.o
 .debug_macro   0x0000d4ed       0xb8 Clk/SetClk.o
 .debug_macro   0x0000d5a5       0xa0 Clk/SetClk.o
 .debug_macro   0x0000d645       0xb2 Clk/SetClk.o
 .debug_macro   0x0000d6f7       0x1c Clk/SetClk.o
 .debug_macro   0x0000d713       0x1c Clk/SetClk.o
 .debug_macro   0x0000d72f       0x1c Clk/SetClk.o
 .debug_macro   0x0000d74b       0x7c Clk/SetClk.o
 .debug_macro   0x0000d7c7      0x15a Clk/SetClk.o
 .debug_macro   0x0000d921       0x10 Clk/SetClk.o
 .debug_macro   0x0000d931       0xdc Clk/SetClk.o
 .debug_macro   0x0000da0d      0x124 Clk/SetClk.o
 .debug_macro   0x0000db31      0x124 Clk/SetClk.o
 .debug_macro   0x0000dc55      0x124 Clk/SetClk.o
 .debug_macro   0x0000dd79      0x124 Clk/SetClk.o
 .debug_macro   0x0000de9d      0x124 Clk/SetClk.o
 .debug_macro   0x0000dfc1      0x124 Clk/SetClk.o
 .debug_macro   0x0000e0e5      0x124 Clk/SetClk.o
 .debug_macro   0x0000e209       0xe2 Clk/SetClk.o
 .debug_macro   0x0000e2eb       0xe2 Clk/SetClk.o
 .debug_macro   0x0000e3cd       0xe2 Clk/SetClk.o
 .debug_macro   0x0000e4af       0xe2 Clk/SetClk.o
 .debug_macro   0x0000e591       0xe2 Clk/SetClk.o
 .debug_macro   0x0000e673      0x12a Clk/SetClk.o
 .debug_macro   0x0000e79d      0x100 Clk/SetClk.o
 .debug_macro   0x0000e89d       0xf4 Clk/SetClk.o
 .debug_macro   0x0000e991      0x40f Clk/SetClk.o
 .debug_macro   0x0000eda0       0x40 Clk/SetClk.o
 .debug_macro   0x0000ede0      0x392 Clk/SetClk.o
 .debug_macro   0x0000f172     0x1fb0 Clk/SetClk.o
 .debug_macro   0x00011122       0x6d Clk/SetClk.o
 .debug_macro   0x0001118f      0x30d Delay/delay.o
 .debug_macro   0x0001149c      0x303 Device_Startup/startup_samd21.o
 .debug_macro   0x0001179f      0x309 Device_Startup/system_samd21.o
 .debug_macro   0x00011aa8      0x326 main.o
 .debug_macro   0x00011dce       0x22 main.o

.debug_line     0x00000000     0x23c2
 .debug_line    0x00000000      0x730 Clk/SetClk.o
 .debug_line    0x00000730      0x6da Delay/delay.o
 .debug_line    0x00000e0a      0x6f4 Device_Startup/startup_samd21.o
 .debug_line    0x000014fe      0x6dc Device_Startup/system_samd21.o
 .debug_line    0x00001bda      0x7e8 main.o

.debug_str      0x00000000    0x7194c
 .debug_str     0x00000000    0x700a2 Clk/SetClk.o
                              0x70433 (size before relaxing)
 .debug_str     0x000700a2       0x3d Delay/delay.o
                              0x6fba9 (size before relaxing)
 .debug_str     0x000700df      0xf19 Device_Startup/startup_samd21.o
                              0x70d3b (size before relaxing)
 .debug_str     0x00070ff8       0x5c Device_Startup/system_samd21.o
                              0x6fbbb (size before relaxing)
 .debug_str     0x00071054      0x8f8 main.o
                              0x7086f (size before relaxing)

.debug_frame    0x00000000      0x3c4
 .debug_frame   0x00000000       0x68 Clk/SetClk.o
 .debug_frame   0x00000068       0x38 Delay/delay.o
 .debug_frame   0x000000a0       0x40 Device_Startup/startup_samd21.o
 .debug_frame   0x000000e0       0x30 Device_Startup/system_samd21.o
 .debug_frame   0x00000110       0xc0 main.o
 .debug_frame   0x000001d0       0x34 c:/program files (x86)/atmel/studio/7.0/toolchain/arm/arm-gnu-toolchain/bin/../lib/gcc/arm-none-eabi/6.3.1/thumb/v6-m\libgcc.a(_muldi3.o)
 .debug_frame   0x00000204       0x2c c:/program files (x86)/atmel/studio/7.0/toolchain/arm/arm-gnu-toolchain/bin/../lib/gcc/arm-none-eabi/6.3.1/../../../../arm-none-eabi/lib/thumb/v6-m\libc.a(lib_a-init.o)
 .debug_frame   0x00000230       0x54 c:/program files (x86)/atmel/studio/7.0/toolchain/arm/arm-gnu-toolchain/bin/../lib/gcc/arm-none-eabi/6.3.1/../../../../arm-none-eabi/lib/thumb/v6-m\libc.a(lib_a-__call_atexit.o)
 .debug_frame   0x00000284       0x28 c:/program files (x86)/atmel/studio/7.0/toolchain/arm/arm-gnu-toolchain/bin/../lib/gcc/arm-none-eabi/6.3.1/../../../../arm-none-eabi/lib/thumb/v6-m\libc.a(lib_a-atexit.o)
 .debug_frame   0x000002ac       0x2c c:/program files (x86)/atmel/studio/7.0/toolchain/arm/arm-gnu-toolchain/bin/../lib/gcc/arm-none-eabi/6.3.1/../../../../arm-none-eabi/lib/thumb/v6-m\libc.a(lib_a-fini.o)
 .debug_frame   0x000002d8       0xb0 c:/program files (x86)/atmel/studio/7.0/toolchain/arm/arm-gnu-toolchain/bin/../lib/gcc/arm-none-eabi/6.3.1/../../../../arm-none-eabi/lib/thumb/v6-m\libc.a(lib_a-lock.o)
 .debug_frame   0x00000388       0x3c c:/program files (x86)/atmel/studio/7.0/toolchain/arm/arm-gnu-toolchain/bin/../lib/gcc/arm-none-eabi/6.3.1/../../../../arm-none-eabi/lib/thumb/v6-m\libc.a(lib_a-__atexit.o)
